Component: ARM Compiler 5.06 update 6 (build 750) Tool: armlink [4d35ed]

==============================================================================

Section Cross References

    main.o(i.buttonInit) refers to stm32f10x_rcc.o(i.RCC_APB2PeriphClockCmd) for RCC_APB2PeriphClockCmd
    main.o(i.buttonInit) refers to stm32f10x_gpio.o(i.GPIO_Init) for GPIO_Init
    main.o(i.ledInit) refers to stm32f10x_rcc.o(i.RCC_APB2PeriphClockCmd) for RCC_APB2PeriphClockCmd
    main.o(i.ledInit) refers to stm32f10x_gpio.o(i.GPIO_Init) for GPIO_Init
    main.o(i.ledInit) refers to stm32f10x_gpio.o(i.GPIO_SetBits) for GPIO_SetBits
    main.o(i.main) refers to main.o(i.buttonInit) for buttonInit
    main.o(i.main) refers to main.o(i.ledInit) for ledInit
    main.o(i.main) refers to main.o(i.usartInit) for usartInit
    main.o(i.main) refers to tasks_1.o(i.vTaskStartScheduler) for vTaskStartScheduler
    main.o(i.main) refers to stm32f10x_gpio.o(i.GPIO_ReadInputData) for GPIO_ReadInputData
    main.o(i.main) refers to stm32f10x_gpio.o(i.GPIO_ResetBits) for GPIO_ResetBits
    main.o(i.main) refers to stm32f10x_gpio.o(i.GPIO_SetBits) for GPIO_SetBits
    main.o(i.vTaskLedGreen) refers to tasks_1.o(i.vTaskDelay) for vTaskDelay
    main.o(i.vTaskLedRed) refers to tasks_1.o(i.vTaskDelay) for vTaskDelay
    main.o(i.vTaskLedYellow) refers to tasks_1.o(i.vTaskDelay) for vTaskDelay
    stm32f10x_gpio.o(i.GPIO_AFIODeInit) refers to stm32f10x_rcc.o(i.RCC_APB2PeriphResetCmd) for RCC_APB2PeriphResetCmd
    stm32f10x_gpio.o(i.GPIO_DeInit) refers to stm32f10x_rcc.o(i.RCC_APB2PeriphResetCmd) for RCC_APB2PeriphResetCmd
    stm32f10x_rcc.o(i.RCC_GetClocksFreq) refers to stm32f10x_rcc.o(.data) for APBAHBPrescTable
    stm32f10x_rcc.o(i.RCC_WaitForHSEStartUp) refers to stm32f10x_rcc.o(i.RCC_GetFlagStatus) for RCC_GetFlagStatus
    stm32f10x_usart.o(i.USART_DeInit) refers to stm32f10x_rcc.o(i.RCC_APB2PeriphResetCmd) for RCC_APB2PeriphResetCmd
    stm32f10x_usart.o(i.USART_DeInit) refers to stm32f10x_rcc.o(i.RCC_APB1PeriphResetCmd) for RCC_APB1PeriphResetCmd
    stm32f10x_usart.o(i.USART_Init) refers to stm32f10x_rcc.o(i.RCC_GetClocksFreq) for RCC_GetClocksFreq
    dma_stm32f10x.o(i.DMA1_Channel1_IRQHandler) refers to dma_stm32f10x.o(i.DMA1_Channel1_Event) for DMA1_Channel1_Event
    dma_stm32f10x.o(i.DMA1_Channel2_IRQHandler) refers to dma_stm32f10x.o(i.DMA1_Channel2_Event) for DMA1_Channel2_Event
    dma_stm32f10x.o(i.DMA1_Channel3_IRQHandler) refers to dma_stm32f10x.o(i.DMA1_Channel3_Event) for DMA1_Channel3_Event
    dma_stm32f10x.o(i.DMA1_Channel4_IRQHandler) refers to dma_stm32f10x.o(i.DMA1_Channel4_Event) for DMA1_Channel4_Event
    dma_stm32f10x.o(i.DMA1_Channel5_IRQHandler) refers to dma_stm32f10x.o(i.DMA1_Channel5_Event) for DMA1_Channel5_Event
    dma_stm32f10x.o(i.DMA1_Channel6_IRQHandler) refers to dma_stm32f10x.o(i.DMA1_Channel6_Event) for DMA1_Channel6_Event
    dma_stm32f10x.o(i.DMA1_Channel7_IRQHandler) refers to dma_stm32f10x.o(i.DMA1_Channel7_Event) for DMA1_Channel7_Event
    dma_stm32f10x.o(i.DMA_ChannelInitialize) refers to dma_stm32f10x.o(i.__NVIC_ClearPendingIRQ) for __NVIC_ClearPendingIRQ
    dma_stm32f10x.o(i.DMA_ChannelInitialize) refers to dma_stm32f10x.o(i.__NVIC_EnableIRQ) for __NVIC_EnableIRQ
    dma_stm32f10x.o(i.DMA_ChannelInitialize) refers to dma_stm32f10x.o(.data) for DMA1_Channel
    dma_stm32f10x.o(i.DMA_ChannelUninitialize) refers to dma_stm32f10x.o(i.__NVIC_DisableIRQ) for __NVIC_DisableIRQ
    dma_stm32f10x.o(i.DMA_ChannelUninitialize) refers to dma_stm32f10x.o(.data) for DMA1_Channel
    gpio_stm32f10x.o(i.GPIO_PinConfigure) refers to gpio_stm32f10x.o(i.GPIO_GetPortClockState) for GPIO_GetPortClockState
    gpio_stm32f10x.o(i.GPIO_PinConfigure) refers to gpio_stm32f10x.o(i.GPIO_PortClock) for GPIO_PortClock
    startup_stm32f10x_md.o(STACK) refers (Special) to heapauxi.o(.text) for __use_two_region_memory
    startup_stm32f10x_md.o(HEAP) refers (Special) to heapauxi.o(.text) for __use_two_region_memory
    startup_stm32f10x_md.o(RESET) refers (Special) to heapauxi.o(.text) for __use_two_region_memory
    startup_stm32f10x_md.o(RESET) refers to startup_stm32f10x_md.o(STACK) for __initial_sp
    startup_stm32f10x_md.o(RESET) refers to startup_stm32f10x_md.o(.text) for Reset_Handler
    startup_stm32f10x_md.o(RESET) refers to port_1.o(.emb_text) for SVC_Handler
    startup_stm32f10x_md.o(RESET) refers to port_1.o(i.SysTick_Handler) for SysTick_Handler
    startup_stm32f10x_md.o(RESET) refers to dma_stm32f10x.o(i.DMA1_Channel1_IRQHandler) for DMA1_Channel1_IRQHandler
    startup_stm32f10x_md.o(RESET) refers to dma_stm32f10x.o(i.DMA1_Channel2_IRQHandler) for DMA1_Channel2_IRQHandler
    startup_stm32f10x_md.o(RESET) refers to dma_stm32f10x.o(i.DMA1_Channel3_IRQHandler) for DMA1_Channel3_IRQHandler
    startup_stm32f10x_md.o(RESET) refers to dma_stm32f10x.o(i.DMA1_Channel4_IRQHandler) for DMA1_Channel4_IRQHandler
[...]
    __raise.o(.text) refers to defsig.o(CL$$defsig) for __default_signal_handler
    defsig_general.o(.text) refers to sys_wrch.o(.text) for _ttywrch
    sys_wrch.o(.text) refers (Special) to use_no_semi.o(.text) for __I$use$semihosting
    sys_wrch.o(.text) refers (Special) to indicate_semi.o(.text) for __semihosting_library_function
    defsig.o(CL$$defsig) refers to defsig_rtmem_inner.o(.text) for __rt_SIGRTMEM_inner
    defsig_abrt_inner.o(.text) refers to defsig_general.o(.text) for __default_signal_display
    defsig_fpe_inner.o(.text) refers to defsig_general.o(.text) for __default_signal_display
    defsig_rtred_inner.o(.text) refers to defsig_general.o(.text) for __default_signal_display
    defsig_stak_inner.o(.text) refers to defsig_general.o(.text) for __default_signal_display
    defsig_pvfn_inner.o(.text) refers to defsig_general.o(.text) for __default_signal_display
    defsig_cppl_inner.o(.text) refers to defsig_general.o(.text) for __default_signal_display
    defsig_segv_inner.o(.text) refers to defsig_general.o(.text) for __default_signal_display
    defsig_other.o(.text) refers to defsig_general.o(.text) for __default_signal_display


==============================================================================

Removing Unused input sections from the image.

    Removing main.o(.rev16_text), (4 bytes).
    Removing main.o(.revsh_text), (4 bytes).
    Removing main.o(.rrx_text), (6 bytes).
    Removing main.o(i.vTaskLedGreen), (28 bytes).
    Removing main.o(i.vTaskLedRed), (28 bytes).
    Removing main.o(i.vTaskLedYellow), (120 bytes).
    Removing misc.o(.rev16_text), (4 bytes).
    Removing misc.o(.revsh_text), (4 bytes).
    Removing misc.o(.rrx_text), (6 bytes).
    Removing misc.o(i.NVIC_Init), (112 bytes).
    Removing misc.o(i.NVIC_PriorityGroupConfig), (20 bytes).
    Removing misc.o(i.NVIC_SetVectorTable), (20 bytes).
    Removing misc.o(i.NVIC_SystemLPConfig), (32 bytes).
    Removing misc.o(i.SysTick_CLKSourceConfig), (40 bytes).
    Removing stm32f10x_gpio.o(.rev16_text), (4 bytes).
    Removing stm32f10x_gpio.o(.revsh_text), (4 bytes).
    Removing stm32f10x_gpio.o(.rrx_text), (6 bytes).
    Removing stm32f10x_gpio.o(i.GPIO_AFIODeInit), (20 bytes).
    Removing stm32f10x_gpio.o(i.GPIO_DeInit), (200 bytes).
    Removing stm32f10x_gpio.o(i.GPIO_ETH_MediaInterfaceConfig), (12 bytes).
    Removing stm32f10x_gpio.o(i.GPIO_EXTILineConfig), (64 bytes).
    Removing stm32f10x_gpio.o(i.GPIO_EventOutputCmd), (12 bytes).
    Removing stm32f10x_gpio.o(i.GPIO_EventOutputConfig), (32 bytes).
    Removing stm32f10x_gpio.o(i.GPIO_PinLockConfig), (18 bytes).
    Removing stm32f10x_gpio.o(i.GPIO_PinRemapConfig), (144 bytes).
    Removing stm32f10x_gpio.o(i.GPIO_ReadInputDataBit), (18 bytes).
    Removing stm32f10x_gpio.o(i.GPIO_ReadOutputData), (8 bytes).
    Removing stm32f10x_gpio.o(i.GPIO_ReadOutputDataBit), (18 bytes).
    Removing stm32f10x_gpio.o(i.GPIO_StructInit), (16 bytes).
    Removing stm32f10x_gpio.o(i.GPIO_Write), (4 bytes).
    Removing stm32f10x_gpio.o(i.GPIO_WriteBit), (10 bytes).
    Removing stm32f10x_rcc.o(.rev16_text), (4 bytes).
    Removing stm32f10x_rcc.o(.revsh_text), (4 bytes).
    Removing stm32f10x_rcc.o(.rrx_text), (6 bytes).
    Removing stm32f10x_rcc.o(i.RCC_ADCCLKConfig), (24 bytes).
    Removing stm32f10x_rcc.o(i.RCC_AHBPeriphClockCmd), (32 bytes).
    Removing stm32f10x_rcc.o(i.RCC_APB1PeriphClockCmd), (32 bytes).
    Removing stm32f10x_rcc.o(i.RCC_APB1PeriphResetCmd), (32 bytes).
    Removing stm32f10x_rcc.o(i.RCC_APB2PeriphResetCmd), (32 bytes).
    Removing stm32f10x_rcc.o(i.RCC_AdjustHSICalibrationValue), (24 bytes).
    Removing stm32f10x_rcc.o(i.RCC_BackupResetCmd), (12 bytes).
    Removing stm32f10x_rcc.o(i.RCC_ClearFlag), (20 bytes).
    Removing stm32f10x_rcc.o(i.RCC_ClearITPendingBit), (12 bytes).
    Removing stm32f10x_rcc.o(i.RCC_ClockSecuritySystemCmd), (12 bytes).
    Removing stm32f10x_rcc.o(i.RCC_DeInit), (76 bytes).
    Removing stm32f10x_rcc.o(i.RCC_GetClocksFreq), (212 bytes).
    Removing stm32f10x_rcc.o(i.RCC_GetFlagStatus), (60 bytes).
    Removing stm32f10x_rcc.o(i.RCC_GetITStatus), (24 bytes).
    Removing stm32f10x_rcc.o(i.RCC_GetSYSCLKSource), (16 bytes).
    Removing stm32f10x_rcc.o(i.RCC_HCLKConfig), (24 bytes).
    Removing stm32f10x_rcc.o(i.RCC_HSEConfig), (76 bytes).
    Removing stm32f10x_rcc.o(i.RCC_HSICmd), (12 bytes).
    Removing stm32f10x_rcc.o(i.RCC_ITConfig), (32 bytes).
    Removing stm32f10x_rcc.o(i.RCC_LSEConfig), (52 bytes).
    Removing stm32f10x_rcc.o(i.RCC_LSICmd), (12 bytes).
    Removing stm32f10x_rcc.o(i.RCC_MCOConfig), (12 bytes).
    Removing stm32f10x_rcc.o(i.RCC_PCLK1Config), (24 bytes).
    Removing stm32f10x_rcc.o(i.RCC_PCLK2Config), (24 bytes).
    Removing stm32f10x_rcc.o(i.RCC_PLLCmd), (12 bytes).
    Removing stm32f10x_rcc.o(i.RCC_PLLConfig), (28 bytes).
    Removing stm32f10x_rcc.o(i.RCC_RTCCLKCmd), (12 bytes).
    Removing stm32f10x_rcc.o(i.RCC_RTCCLKConfig), (16 bytes).
    Removing stm32f10x_rcc.o(i.RCC_SYSCLKConfig), (24 bytes).
    Removing stm32f10x_rcc.o(i.RCC_USBCLKConfig), (12 bytes).
    Removing stm32f10x_rcc.o(i.RCC_WaitForHSEStartUp), (56 bytes).
    Removing stm32f10x_rcc.o(.data), (20 bytes).
    Removing stm32f10x_usart.o(.rev16_text), (4 bytes).
    Removing stm32f10x_usart.o(.revsh_text), (4 bytes).
    Removing stm32f10x_usart.o(.rrx_text), (6 bytes).
    Removing stm32f10x_usart.o(i.USART_ClearFlag), (18 bytes).
    Removing stm32f10x_usart.o(i.USART_ClearITPendingBit), (30 bytes).
    Removing stm32f10x_usart.o(i.USART_ClockInit), (34 bytes).
    Removing stm32f10x_usart.o(i.USART_ClockStructInit), (12 bytes).
    Removing stm32f10x_usart.o(i.USART_Cmd), (24 bytes).
    Removing stm32f10x_usart.o(i.USART_DMACmd), (18 bytes).
    Removing stm32f10x_usart.o(i.USART_DeInit), (156 bytes).
    Removing stm32f10x_usart.o(i.USART_GetFlagStatus), (26 bytes).
    Removing stm32f10x_usart.o(i.USART_GetITStatus), (84 bytes).
    Removing stm32f10x_usart.o(i.USART_HalfDuplexCmd), (24 bytes).
    Removing stm32f10x_usart.o(i.USART_ITConfig), (74 bytes).
    Removing stm32f10x_usart.o(i.USART_Init), (216 bytes).
    Removing stm32f10x_usart.o(i.USART_IrDACmd), (24 bytes).
    Removing stm32f10x_usart.o(i.USART_IrDAConfig), (18 bytes).
    Removing stm32f10x_usart.o(i.USART_LINBreakDetectLengthConfig), (18 bytes).
    Removing stm32f10x_usart.o(i.USART_LINCmd), (24 bytes).
    Removing stm32f10x_usart.o(i.USART_OneBitMethodCmd), (24 bytes).
    Removing stm32f10x_usart.o(i.USART_OverSampling8Cmd), (22 bytes).
    Removing stm32f10x_usart.o(i.USART_ReceiveData), (10 bytes).
    Removing stm32f10x_usart.o(i.USART_ReceiverWakeUpCmd), (24 bytes).
    Removing stm32f10x_usart.o(i.USART_SendBreak), (10 bytes).
    Removing stm32f10x_usart.o(i.USART_SendData), (8 bytes).
    Removing stm32f10x_usart.o(i.USART_SetAddress), (18 bytes).
    Removing stm32f10x_usart.o(i.USART_SetGuardTime), (16 bytes).
    Removing stm32f10x_usart.o(i.USART_SetPrescaler), (16 bytes).
    Removing stm32f10x_usart.o(i.USART_SmartCardCmd), (24 bytes).
    Removing stm32f10x_usart.o(i.USART_SmartCardNACKCmd), (24 bytes).
    Removing stm32f10x_usart.o(i.USART_StructInit), (24 bytes).
    Removing stm32f10x_usart.o(i.USART_WakeUpConfig), (18 bytes).
    Removing dma_stm32f10x.o(.rev16_text), (4 bytes).
    Removing dma_stm32f10x.o(.revsh_text), (4 bytes).
    Removing dma_stm32f10x.o(.rrx_text), (6 bytes).
    Removing dma_stm32f10x.o(i.DMA_ChannelInitialize), (256 bytes).
    Removing dma_stm32f10x.o(i.DMA_ChannelUninitialize), (188 bytes).
    Removing dma_stm32f10x.o(i.__NVIC_ClearPendingIRQ), (28 bytes).
    Removing dma_stm32f10x.o(i.__NVIC_DisableIRQ), (60 bytes).
    Removing dma_stm32f10x.o(i.__NVIC_EnableIRQ), (26 bytes).
    Removing dma_stm32f10x.o(.data), (1 bytes).
    Removing gpio_stm32f10x.o(.rev16_text), (4 bytes).
    Removing gpio_stm32f10x.o(.revsh_text), (4 bytes).
    Removing gpio_stm32f10x.o(.rrx_text), (6 bytes).
    Removing gpio_stm32f10x.o(i.GPIO_AFConfigure), (156 bytes).
    Removing gpio_stm32f10x.o(i.GPIO_GetPortClockState), (152 bytes).
    Removing gpio_stm32f10x.o(i.GPIO_PinConfigure), (120 bytes).
    Removing gpio_stm32f10x.o(i.GPIO_PortClock), (316 bytes).
    Removing system_stm32f10x.o(.rev16_text), (4 bytes).
    Removing system_stm32f10x.o(.revsh_text), (4 bytes).
    Removing system_stm32f10x.o(.rrx_text), (6 bytes).
    Removing system_stm32f10x.o(i.SystemCoreClockUpdate), (164 bytes).
    Removing freertos_evr.o(.rev16_text), (4 bytes).
    Removing freertos_evr.o(.revsh_text), (4 bytes).
    Removing freertos_evr.o(.rrx_text), (6 bytes).
    Removing event_groups_1.o(i.prvTestWaitCondition), (30 bytes).
    Removing event_groups_1.o(i.vEventGroupClearBitsCallback), (16 bytes).
    Removing event_groups_1.o(i.vEventGroupDelete), (82 bytes).
    Removing event_groups_1.o(i.vEventGroupSetBitsCallback), (16 bytes).
    Removing event_groups_1.o(i.xEventGroupClearBits), (92 bytes).
    Removing event_groups_1.o(i.xEventGroupCreate), (26 bytes).
    Removing event_groups_1.o(i.xEventGroupGetBitsFromISR), (44 bytes).
    Removing event_groups_1.o(i.xEventGroupSetBits), (206 bytes).
    Removing event_groups_1.o(i.xEventGroupSync), (272 bytes).
    Removing event_groups_1.o(i.xEventGroupWaitBits), (344 bytes).
    Removing heap_4.o(i.vPortInitialiseBlocks), (2 bytes).
    Removing heap_4.o(i.xPortGetFreeHeapSize), (12 bytes).
    Removing heap_4.o(i.xPortGetMinimumEverFreeHeapSize), (12 bytes).
    Removing port_1.o(i.vPortEndScheduler), (48 bytes).
    Removing queue_1.o(i.prvGetDisinheritPriorityAfterTimeout), (20 bytes).
    Removing queue_1.o(i.prvInitialiseMutex), (28 bytes).
    Removing queue_1.o(i.uxQueueMessagesWaiting), (42 bytes).
    Removing queue_1.o(i.uxQueueMessagesWaitingFromISR), (30 bytes).
    Removing queue_1.o(i.uxQueueSpacesAvailable), (48 bytes).
    Removing queue_1.o(i.vQueueDelete), (38 bytes).
    Removing queue_1.o(i.xQueueAddToSet), (38 bytes).
    Removing queue_1.o(i.xQueueCreateCountingSemaphore), (92 bytes).
    Removing queue_1.o(i.xQueueCreateMutex), (34 bytes).
    Removing queue_1.o(i.xQueueCreateSet), (20 bytes).
    Removing queue_1.o(i.xQueueGiveFromISR), (246 bytes).
    Removing queue_1.o(i.xQueueGiveMutexRecursive), (72 bytes).
    Removing queue_1.o(i.xQueueIsQueueEmptyFromISR), (38 bytes).
    Removing queue_1.o(i.xQueueIsQueueFullFromISR), (42 bytes).
    Removing queue_1.o(i.xQueuePeek), (368 bytes).
    Removing queue_1.o(i.xQueuePeekFromISR), (176 bytes).
    Removing queue_1.o(i.xQueueReceiveFromISR), (202 bytes).
    Removing queue_1.o(i.xQueueRemoveFromSet), (48 bytes).
    Removing queue_1.o(i.xQueueSelectFromSet), (24 bytes).
    Removing queue_1.o(i.xQueueSelectFromSetFromISR), (22 bytes).
    Removing queue_1.o(i.xQueueSemaphoreTake), (440 bytes).
    Removing queue_1.o(i.xQueueTakeMutexRecursive), (78 bytes).
    Removing stream_buffer.o(i.prvBytesInBuffer), (24 bytes).
    Removing stream_buffer.o(i.prvInitialiseNewStreamBuffer), (96 bytes).
    Removing stream_buffer.o(i.prvReadBytesFromBuffer), (202 bytes).
    Removing stream_buffer.o(i.prvReadMessageFromBuffer), (72 bytes).
    Removing stream_buffer.o(i.prvWriteBytesToBuffer), (186 bytes).
    Removing stream_buffer.o(i.prvWriteMessageToBuffer), (92 bytes).
    Removing stream_buffer.o(i.vStreamBufferDelete), (56 bytes).
    Removing stream_buffer.o(i.xStreamBufferBytesAvailable), (42 bytes).
    Removing stream_buffer.o(i.xStreamBufferGenericCreate), (114 bytes).
    Removing stream_buffer.o(i.xStreamBufferIsEmpty), (46 bytes).
    Removing stream_buffer.o(i.xStreamBufferIsFull), (64 bytes).
    Removing stream_buffer.o(i.xStreamBufferReceive), (254 bytes).
    Removing stream_buffer.o(i.xStreamBufferReceiveCompletedFromISR), (102 bytes).
    Removing stream_buffer.o(i.xStreamBufferReceiveFromISR), (184 bytes).
    Removing stream_buffer.o(i.xStreamBufferReset), (74 bytes).
    Removing stream_buffer.o(i.xStreamBufferSend), (274 bytes).
    Removing stream_buffer.o(i.xStreamBufferSendCompletedFromISR), (102 bytes).
    Removing stream_buffer.o(i.xStreamBufferSendFromISR), (184 bytes).
    Removing stream_buffer.o(i.xStreamBufferSetTriggerLevel), (50 bytes).
    Removing stream_buffer.o(i.xStreamBufferSpacesAvailable), (54 bytes).
    Removing tasks_1.o(i.eTaskGetState), (132 bytes).
    Removing tasks_1.o(i.pcTaskGetName), (48 bytes).
    Removing tasks_1.o(i.prvTaskIsTaskSuspended), (88 bytes).
    Removing tasks_1.o(i.pvTaskIncrementMutexHeldCount), (32 bytes).
    Removing tasks_1.o(i.ulTaskNotifyTake), (116 bytes).
    Removing tasks_1.o(i.uxTaskGetNumberOfTasks), (12 bytes).
    Removing tasks_1.o(i.uxTaskPriorityGet), (36 bytes).
    Removing tasks_1.o(i.uxTaskPriorityGetFromISR), (68 bytes).
    Removing tasks_1.o(i.uxTaskResetEventItemValue), (28 bytes).
    Removing tasks_1.o(i.vTaskDelay), (92 bytes).
    Removing tasks_1.o(i.vTaskDelayUntil), (212 bytes).
    Removing tasks_1.o(i.vTaskDelete), (244 bytes).
    Removing tasks_1.o(i.vTaskEndScheduler), (36 bytes).
    Removing tasks_1.o(i.vTaskNotifyGiveFromISR), (240 bytes).
    Removing tasks_1.o(i.vTaskPlaceOnUnorderedEventList), (108 bytes).
    Removing tasks_1.o(i.vTaskPriorityDisinheritAfterTimeout), (244 bytes).
    Removing tasks_1.o(i.vTaskPrioritySet), (276 bytes).
    Removing tasks_1.o(i.vTaskRemoveFromUnorderedEventList), (164 bytes).
    Removing tasks_1.o(i.vTaskResume), (144 bytes).
    Removing tasks_1.o(i.vTaskSetTimeOutState), (60 bytes).
    Removing tasks_1.o(i.vTaskSuspend), (244 bytes).
    Removing tasks_1.o(i.xTaskGenericNotify), (260 bytes).
    Removing tasks_1.o(i.xTaskGenericNotifyFromISR), (324 bytes).
    Removing tasks_1.o(i.xTaskGetCurrentTaskHandle), (12 bytes).
    Removing tasks_1.o(i.xTaskGetTickCountFromISR), (20 bytes).
    Removing tasks_1.o(i.xTaskNotifyStateClear), (52 bytes).
    Removing tasks_1.o(i.xTaskNotifyWait), (160 bytes).
    Removing tasks_1.o(i.xTaskPriorityInherit), (200 bytes).
    Removing tasks_1.o(i.xTaskResumeFromISR), (180 bytes).
    Removing timers_1.o(i.pcTimerGetName), (32 bytes).
    Removing timers_1.o(i.prvInitialiseNewTimer), (78 bytes).
    Removing timers_1.o(i.pvTimerGetTimerID), (44 bytes).
    Removing timers_1.o(i.vTimerSetTimerID), (44 bytes).
    Removing timers_1.o(i.xTimerCreate), (48 bytes).
    Removing timers_1.o(i.xTimerGetExpiryTime), (34 bytes).
    Removing timers_1.o(i.xTimerGetPeriod), (32 bytes).
    Removing timers_1.o(i.xTimerGetTimerDaemonTaskHandle), (48 bytes).
    Removing timers_1.o(i.xTimerIsTimerActive), (56 bytes).

215 unused section(s) (total 14543 bytes) removed from the image.

==============================================================================

Image Symbol Table

    Local Symbols

    Symbol Name                              Value     Ov Type        Size  Object(Section)

    ../clib/angel/boardlib.s                 0x00000000   Number         0  boardinit1.o ABSOLUTE
    ../clib/angel/boardlib.s                 0x00000000   Number         0  boardinit2.o ABSOLUTE
    ../clib/angel/boardlib.s                 0x00000000   Number         0  boardinit3.o ABSOLUTE
    ../clib/angel/boardlib.s                 0x00000000   Number         0  boardshut.o ABSOLUTE
    ../clib/angel/handlers.s                 0x00000000   Number         0  __scatter_zi.o ABSOLUTE
    ../clib/angel/handlers.s                 0x00000000   Number         0  __scatter_copy.o ABSOLUTE
    ../clib/angel/kernel.s                   0x00000000   Number         0  __rtentry4.o ABSOLUTE
    ../clib/angel/kernel.s                   0x00000000   Number         0  rtexit.o ABSOLUTE
    ../clib/angel/kernel.s                   0x00000000   Number         0  rtexit2.o ABSOLUTE
    ../clib/angel/kernel.s                   0x00000000   Number         0  __rtentry2.o ABSOLUTE
    ../clib/angel/kernel.s                   0x00000000   Number         0  __rtentry.o ABSOLUTE
    ../clib/angel/rt.s                       0x00000000   Number         0  rt_raise.o ABSOLUTE
    ../clib/angel/scatter.s                  0x00000000   Number         0  __scatter.o ABSOLUTE
    ../clib/angel/startup.s                  0x00000000   Number         0  __main.o ABSOLUTE
    ../clib/angel/sys.s                      0x00000000   Number         0  use_no_semi.o ABSOLUTE
    ../clib/angel/sys.s                      0x00000000   Number         0  libspace.o ABSOLUTE
    ../clib/angel/sys.s                      0x00000000   Number         0  indicate_semi.o ABSOLUTE
    ../clib/angel/sys.s                      0x00000000   Number         0  sys_stackheap_outer.o ABSOLUTE
    ../clib/angel/sysapp.c                   0x00000000   Number         0  sys_command.o ABSOLUTE
    ../clib/angel/sysapp.c                   0x00000000   Number         0  sys_exit.o ABSOLUTE
    ../clib/angel/sysapp.c                   0x00000000   Number         0  sys_wrch.o ABSOLUTE
    ../clib/armsys.c                         0x00000000   Number         0  argv_veneer.o ABSOLUTE
    ../clib/armsys.c                         0x00000000   Number         0  argv_veneer.o ABSOLUTE
    ../clib/armsys.c                         0x00000000   Number         0  no_argv.o ABSOLUTE
    ../clib/armsys.c                         0x00000000   Number         0  _get_argv_nomalloc.o ABSOLUTE
    ../clib/heapalloc.c                      0x00000000   Number         0  hrguard.o ABSOLUTE
    ../clib/heapaux.c                        0x00000000   Number         0  heapauxi.o ABSOLUTE
    ../clib/libinit.s                        0x00000000   Number         0  libinit.o ABSOLUTE
    ../clib/libinit.s                        0x00000000   Number         0  libshutdown.o ABSOLUTE
    ../clib/libinit.s                        0x00000000   Number         0  libinit2.o ABSOLUTE
    ../clib/libinit.s                        0x00000000   Number         0  libshutdown2.o ABSOLUTE
    ../clib/memcpset.s                       0x00000000   Number         0  rt_memclr_w.o ABSOLUTE
    ../clib/memcpset.s                       0x00000000   Number         0  rt_memclr.o ABSOLUTE
    ../clib/memcpset.s                       0x00000000   Number         0  memset.o ABSOLUTE
    ../clib/memcpset.s                       0x00000000   Number         0  rt_memcpy_w.o ABSOLUTE
    ../clib/memcpset.s                       0x00000000   Number         0  rt_memcpy_v6.o ABSOLUTE
    ../clib/signal.c                         0x00000000   Number         0  defsig_abrt_inner.o ABSOLUTE
    ../clib/signal.c                         0x00000000   Number         0  defsig_fpe_inner.o ABSOLUTE
    ../clib/signal.c                         0x00000000   Number         0  defsig_stak_inner.o ABSOLUTE
    ../clib/signal.c                         0x00000000   Number         0  defsig_rtmem_formal.o ABSOLUTE
    ../clib/signal.c                         0x00000000   Number         0  defsig_rtmem_outer.o ABSOLUTE
    ../clib/signal.c                         0x00000000   Number         0  defsig_pvfn_inner.o ABSOLUTE
    ../clib/signal.c                         0x00000000   Number         0  defsig_cppl_inner.o ABSOLUTE
    ../clib/signal.c                         0x00000000   Number         0  defsig_segv_inner.o ABSOLUTE
    ../clib/signal.c                         0x00000000   Number         0  defsig_general.o ABSOLUTE
    ../clib/signal.c                         0x00000000   Number         0  defsig_rtmem_inner.o ABSOLUTE
    ../clib/signal.c                         0x00000000   Number         0  defsig_exit.o ABSOLUTE
    ../clib/signal.c                         0x00000000   Number         0  defsig_other.o ABSOLUTE
    ../clib/signal.c                         0x00000000   Number         0  __raise.o ABSOLUTE
    ../clib/signal.c                         0x00000000   Number         0  defsig_rtred_inner.o ABSOLUTE
    ../clib/signal.s                         0x00000000   Number         0  defsig.o ABSOLUTE
    ../clib/stdlib.c                         0x00000000   Number         0  exit.o ABSOLUTE
    ../fplib/fpinit.s                        0x00000000   Number         0  fpinit.o ABSOLUTE
    C:\Keil_v5\ARM\PACK\ARM\CMSIS-FreeRTOS\10.0.1\CMSIS\RTOS2\FreeRTOS\Source\freertos_evr.c 0x00000000   Number         0  freertos_evr.o ABSOLUTE
    C:\Keil_v5\ARM\PACK\ARM\CMSIS-FreeRTOS\10.0.1\Source\event_groups.c 0x00000000   Number         0  event_groups_1.o ABSOLUTE
    C:\Keil_v5\ARM\PACK\ARM\CMSIS-FreeRTOS\10.0.1\Source\list.c 0x00000000   Number         0  list_1.o ABSOLUTE
    C:\Keil_v5\ARM\PACK\ARM\CMSIS-FreeRTOS\10.0.1\Source\portable\MemMang\heap_4.c 0x00000000   Number         0  heap_4.o ABSOLUTE
    C:\Keil_v5\ARM\PACK\ARM\CMSIS-FreeRTOS\10.0.1\Source\portable\RVDS\ARM_CM3\port.c 0x00000000   Number         0  port_1.o ABSOLUTE
    C:\Keil_v5\ARM\PACK\ARM\CMSIS-FreeRTOS\10.0.1\Source\queue.c 0x00000000   Number         0  queue_1.o ABSOLUTE
    C:\Keil_v5\ARM\PACK\ARM\CMSIS-FreeRTOS\10.0.1\Source\stream_buffer.c 0x00000000   Number         0  stream_buffer.o ABSOLUTE
    C:\Keil_v5\ARM\PACK\ARM\CMSIS-FreeRTOS\10.0.1\Source\tasks.c 0x00000000   Number         0  tasks_1.o ABSOLUTE
    C:\Keil_v5\ARM\PACK\ARM\CMSIS-FreeRTOS\10.0.1\Source\timers.c 0x00000000   Number         0  timers_1.o ABSOLUTE
    C:\Keil_v5\ARM\PACK\Keil\STM32F1xx_DFP\2.3.0\Device\StdPeriph_Driver\src\misc.c 0x00000000   Number         0  misc.o ABSOLUTE
    C:\Keil_v5\ARM\PACK\Keil\STM32F1xx_DFP\2.3.0\Device\StdPeriph_Driver\src\stm32f10x_gpio.c 0x00000000   Number         0  stm32f10x_gpio.o ABSOLUTE
    C:\Keil_v5\ARM\PACK\Keil\STM32F1xx_DFP\2.3.0\Device\StdPeriph_Driver\src\stm32f10x_rcc.c 0x00000000   Number         0  stm32f10x_rcc.o ABSOLUTE
    C:\Keil_v5\ARM\PACK\Keil\STM32F1xx_DFP\2.3.0\Device\StdPeriph_Driver\src\stm32f10x_usart.c 0x00000000   Number         0  stm32f10x_usart.o ABSOLUTE
    C:\Keil_v5\ARM\PACK\Keil\STM32F1xx_DFP\2.3.0\RTE_Driver\DMA_STM32F10x.c 0x00000000   Number         0  dma_stm32f10x.o ABSOLUTE
    C:\Keil_v5\ARM\PACK\Keil\STM32F1xx_DFP\2.3.0\RTE_Driver\GPIO_STM32F10x.c 0x00000000   Number         0  gpio_stm32f10x.o ABSOLUTE
    C:\\Keil_v5\\ARM\\PACK\\ARM\\CMSIS-FreeRTOS\\10.0.1\\CMSIS\\RTOS2\\FreeRTOS\\Source\\freertos_evr.c 0x00000000   Number         0  freertos_evr.o ABSOLUTE
    C:\\Keil_v5\\ARM\\PACK\\ARM\\CMSIS-FreeRTOS\\10.0.1\\Source\\portable\\RVDS\\ARM_CM3\\port.c 0x00000000   Number         0  port_1.o ABSOLUTE
    C:\\Keil_v5\\ARM\\PACK\\Keil\\STM32F1xx_DFP\\2.3.0\\Device\\StdPeriph_Driver\\src\\misc.c 0x00000000   Number         0  misc.o ABSOLUTE
    C:\\Keil_v5\\ARM\\PACK\\Keil\\STM32F1xx_DFP\\2.3.0\\Device\\StdPeriph_Driver\\src\\stm32f10x_gpio.c 0x00000000   Number         0  stm32f10x_gpio.o ABSOLUTE
    C:\\Keil_v5\\ARM\\PACK\\Keil\\STM32F1xx_DFP\\2.3.0\\Device\\StdPeriph_Driver\\src\\stm32f10x_rcc.c 0x00000000   Number         0  stm32f10x_rcc.o ABSOLUTE
    C:\\Keil_v5\\ARM\\PACK\\Keil\\STM32F1xx_DFP\\2.3.0\\Device\\StdPeriph_Driver\\src\\stm32f10x_usart.c 0x00000000   Number         0  stm32f10x_usart.o ABSOLUTE
    C:\\Keil_v5\\ARM\\PACK\\Keil\\STM32F1xx_DFP\\2.3.0\\RTE_Driver\\DMA_STM32F10x.c 0x00000000   Number         0  dma_stm32f10x.o ABSOLUTE
    C:\\Keil_v5\\ARM\\PACK\\Keil\\STM32F1xx_DFP\\2.3.0\\RTE_Driver\\GPIO_STM32F10x.c 0x00000000   Number         0  gpio_stm32f10x.o ABSOLUTE
    RTE\Device\STM32F103C8\startup_stm32f10x_md.s 0x00000000   Number         0  startup_stm32f10x_md.o ABSOLUTE
    RTE\Device\STM32F103C8\system_stm32f10x.c 0x00000000   Number         0  system_stm32f10x.o ABSOLUTE
    RTE\\Device\\STM32F103C8\\system_stm32f10x.c 0x00000000   Number         0  system_stm32f10x.o ABSOLUTE
    dc.s                                     0x00000000   Number         0  dc.o ABSOLUTE
    src\\main.c                              0x00000000   Number         0  main.o ABSOLUTE
    src\main.c                               0x00000000   Number         0  main.o ABSOLUTE
    RESET                                    0x08000000   Section      236  startup_stm32f10x_md.o(RESET)
    !!!main                                  0x080000ec   Section        8  __main.o(!!!main)
    !!!scatter                               0x080000f4   Section       52  __scatter.o(!!!scatter)
    !!handler_copy                           0x08000128   Section       26  __scatter_copy.o(!!handler_copy)
    !!handler_zi                             0x08000144   Section       28  __scatter_zi.o(!!handler_zi)
    .ARM.Collect$$libinit$$00000000          0x08000160   Section        2  libinit.o(.ARM.Collect$$libinit$$00000000)
    .ARM.Collect$$libinit$$00000002          0x08000162   Section        0  libinit2.o(.ARM.Collect$$libinit$$00000002)
    .ARM.Collect$$libinit$$00000004          0x08000162   Section        0  libinit2.o(.ARM.Collect$$libinit$$00000004)
    .ARM.Collect$$libinit$$0000000A          0x08000162   Section        0  libinit2.o(.ARM.Collect$$libinit$$0000000A)
    .ARM.Collect$$libinit$$0000000C          0x08000162   Section        0  libinit2.o(.ARM.Collect$$libinit$$0000000C)
    .ARM.Collect$$libinit$$0000000E          0x08000162   Section        0  libinit2.o(.ARM.Collect$$libinit$$0000000E)
    .ARM.Collect$$libinit$$00000011          0x08000162   Section        0  libinit2.o(.ARM.Collect$$libinit$$00000011)
    .ARM.Collect$$libinit$$00000013          0x08000162   Section        0  libinit2.o(.ARM.Collect$$libinit$$00000013)
    .ARM.Collect$$libinit$$00000015          0x08000162   Section        0  libinit2.o(.ARM.Collect$$libinit$$00000015)
    .ARM.Collect$$libinit$$00000017          0x08000162   Section        0  libinit2.o(.ARM.Collect$$libinit$$00000017)
    .ARM.Collect$$libinit$$00000019          0x08000162   Section        0  libinit2.o(.ARM.Collect$$libinit$$00000019)
    .ARM.Collect$$libinit$$0000001B          0x08000162   Section        0  libinit2.o(.ARM.Collect$$libinit$$0000001B)
    .ARM.Collect$$libinit$$0000001D          0x08000162   Section        0  libinit2.o(.ARM.Collect$$libinit$$0000001D)
    .ARM.Collect$$libinit$$0000001F          0x08000162   Section        0  libinit2.o(.ARM.Collect$$libinit$$0000001F)
    .ARM.Collect$$libinit$$00000021          0x08000162   Section        0  libinit2.o(.ARM.Collect$$libinit$$00000021)
    .ARM.Collect$$libinit$$00000023          0x08000162   Section        0  libinit2.o(.ARM.Collect$$libinit$$00000023)
    .ARM.Collect$$libinit$$00000025          0x08000162   Section        0  libinit2.o(.ARM.Collect$$libinit$$00000025)
    .ARM.Collect$$libinit$$0000002C          0x08000162   Section        0  libinit2.o(.ARM.Collect$$libinit$$0000002C)
    .ARM.Collect$$libinit$$0000002E          0x08000162   Section        0  libinit2.o(.ARM.Collect$$libinit$$0000002E)
    .ARM.Collect$$libinit$$00000030          0x08000162   Section        0  libinit2.o(.ARM.Collect$$libinit$$00000030)
    .ARM.Collect$$libinit$$00000032          0x08000162   Section        0  libinit2.o(.ARM.Collect$$libinit$$00000032)
    .ARM.Collect$$libinit$$00000033          0x08000162   Section        2  libinit2.o(.ARM.Collect$$libinit$$00000033)
    .ARM.Collect$$libshutdown$$00000000      0x08000164   Section        2  libshutdown.o(.ARM.Collect$$libshutdown$$00000000)
    .ARM.Collect$$libshutdown$$00000002      0x08000166   Section        0  libshutdown2.o(.ARM.Collect$$libshutdown$$00000002)
    .ARM.Collect$$libshutdown$$00000004      0x08000166   Section        0  libshutdown2.o(.ARM.Collect$$libshutdown$$00000004)
    .ARM.Collect$$libshutdown$$00000007      0x08000166   Section        0  libshutdown2.o(.ARM.Collect$$libshutdown$$00000007)
    .ARM.Collect$$libshutdown$$0000000A      0x08000166   Section        0  libshutdown2.o(.ARM.Collect$$libshutdown$$0000000A)
    .ARM.Collect$$libshutdown$$0000000C      0x08000166   Section        0  libshutdown2.o(.ARM.Collect$$libshutdown$$0000000C)
    .ARM.Collect$$libshutdown$$0000000F      0x08000166   Section        0  libshutdown2.o(.ARM.Collect$$libshutdown$$0000000F)
    .ARM.Collect$$libshutdown$$00000010      0x08000166   Section        2  libshutdown2.o(.ARM.Collect$$libshutdown$$00000010)
    .ARM.Collect$$rtentry$$00000000          0x08000168   Section        0  __rtentry.o(.ARM.Collect$$rtentry$$00000000)
    .ARM.Collect$$rtentry$$00000002          0x08000168   Section        0  __rtentry2.o(.ARM.Collect$$rtentry$$00000002)
    .ARM.Collect$$rtentry$$00000004          0x08000168   Section        6  __rtentry4.o(.ARM.Collect$$rtentry$$00000004)
    .ARM.Collect$$rtentry$$00000009          0x0800016e   Section        0  __rtentry2.o(.ARM.Collect$$rtentry$$00000009)
    .ARM.Collect$$rtentry$$0000000A          0x0800016e   Section        4  __rtentry2.o(.ARM.Collect$$rtentry$$0000000A)
    .ARM.Collect$$rtentry$$0000000C          0x08000172   Section        0  __rtentry2.o(.ARM.Collect$$rtentry$$0000000C)
    .ARM.Collect$$rtentry$$0000000D          0x08000172   Section        8  __rtentry2.o(.ARM.Collect$$rtentry$$0000000D)
    .ARM.Collect$$rtexit$$00000000           0x0800017a   Section        2  rtexit.o(.ARM.Collect$$rtexit$$00000000)
    .ARM.Collect$$rtexit$$00000002           0x0800017c   Section        0  rtexit2.o(.ARM.Collect$$rtexit$$00000002)
    .ARM.Collect$$rtexit$$00000003           0x0800017c   Section        4  rtexit2.o(.ARM.Collect$$rtexit$$00000003)
    .ARM.Collect$$rtexit$$00000004           0x08000180   Section        6  rtexit2.o(.ARM.Collect$$rtexit$$00000004)
    .emb_text                                0x08000188   Section      150  port_1.o(.emb_text)
    .text                                    0x08000220   Section       64  startup_stm32f10x_md.o(.text)
    .text                                    0x08000260   Section      138  rt_memcpy_v6.o(.text)
    .text                                    0x080002ea   Section        0  heapauxi.o(.text)
    .text                                    0x080002f0   Section      100  rt_memcpy_w.o(.text)
    .text                                    0x08000354   Section       74  sys_stackheap_outer.o(.text)
    .text                                    0x0800039e   Section        0  exit.o(.text)
    .text                                    0x080003b0   Section        8  libspace.o(.text)
    .text                                    0x080003b8   Section        0  sys_exit.o(.text)
    .text                                    0x080003c4   Section        2  use_no_semi.o(.text)
    .text                                    0x080003c6   Section        0  indicate_semi.o(.text)
    i.DMA1_Channel1_Event                    0x080003c6   Section        0  dma_stm32f10x.o(i.DMA1_Channel1_Event)
    i.DMA1_Channel1_IRQHandler               0x080003c8   Section        0  dma_stm32f10x.o(i.DMA1_Channel1_IRQHandler)
    i.DMA1_Channel2_Event                    0x080003e4   Section        0  dma_stm32f10x.o(i.DMA1_Channel2_Event)
    i.DMA1_Channel2_IRQHandler               0x080003e8   Section        0  dma_stm32f10x.o(i.DMA1_Channel2_IRQHandler)
    i.DMA1_Channel3_Event                    0x08000404   Section        0  dma_stm32f10x.o(i.DMA1_Channel3_Event)
    i.DMA1_Channel3_IRQHandler               0x08000408   Section        0  dma_stm32f10x.o(i.DMA1_Channel3_IRQHandler)
    i.DMA1_Channel4_Event                    0x08000424   Section        0  dma_stm32f10x.o(i.DMA1_Channel4_Event)
    i.DMA1_Channel4_IRQHandler               0x08000428   Section        0  dma_stm32f10x.o(i.DMA1_Channel4_IRQHandler)
    i.DMA1_Channel5_Event                    0x08000444   Section        0  dma_stm32f10x.o(i.DMA1_Channel5_Event)
    i.DMA1_Channel5_IRQHandler               0x08000448   Section        0  dma_stm32f10x.o(i.DMA1_Channel5_IRQHandler)
    i.DMA1_Channel6_Event                    0x08000464   Section        0  dma_stm32f10x.o(i.DMA1_Channel6_Event)
    i.DMA1_Channel6_IRQHandler               0x08000468   Section        0  dma_stm32f10x.o(i.DMA1_Channel6_IRQHandler)
    i.DMA1_Channel7_Event                    0x08000484   Section        0  dma_stm32f10x.o(i.DMA1_Channel7_Event)
    i.DMA1_Channel7_IRQHandler               0x08000488   Section        0  dma_stm32f10x.o(i.DMA1_Channel7_IRQHandler)
    i.GPIO_Init                              0x080004a4   Section        0  stm32f10x_gpio.o(i.GPIO_Init)
    i.GPIO_ReadInputData                     0x080005ba   Section        0  stm32f10x_gpio.o(i.GPIO_ReadInputData)
    i.GPIO_ResetBits                         0x080005c2   Section        0  stm32f10x_gpio.o(i.GPIO_ResetBits)
    i.GPIO_SetBits                           0x080005c6   Section        0  stm32f10x_gpio.o(i.GPIO_SetBits)
    i.RCC_APB2PeriphClockCmd                 0x080005cc   Section        0  stm32f10x_rcc.o(i.RCC_APB2PeriphClockCmd)
    i.SetSysClock                            0x080005ec   Section        0  system_stm32f10x.o(i.SetSysClock)
    SetSysClock                              0x080005ed   Thumb Code     8  system_stm32f10x.o(i.SetSysClock)
    i.SetSysClockTo72                        0x080005f4   Section        0  system_stm32f10x.o(i.SetSysClockTo72)
    SetSysClockTo72                          0x080005f5   Thumb Code   214  system_stm32f10x.o(i.SetSysClockTo72)
    i.SysTick_Handler                        0x080006d4   Section        0  port_1.o(i.SysTick_Handler)
    i.SystemInit                             0x08000708   Section        0  system_stm32f10x.o(i.SystemInit)
    i.buttonInit                             0x08000768   Section        0  main.o(i.buttonInit)
    i.ledInit                                0x08000794   Section        0  main.o(i.ledInit)
    i.main                                   0x080007ec   Section        0  main.o(i.main)
    i.prvAddCurrentTaskToDelayedList         0x08000828   Section        0  tasks_1.o(i.prvAddCurrentTaskToDelayedList)
    prvAddCurrentTaskToDelayedList           0x08000829   Thumb Code   124  tasks_1.o(i.prvAddCurrentTaskToDelayedList)
    i.prvAddNewTaskToReadyList               0x080008c0   Section        0  tasks_1.o(i.prvAddNewTaskToReadyList)
    prvAddNewTaskToReadyList                 0x080008c1   Thumb Code   150  tasks_1.o(i.prvAddNewTaskToReadyList)
    i.prvCheckForValidListAndQueue           0x08000974   Section        0  timers_1.o(i.prvCheckForValidListAndQueue)
    prvCheckForValidListAndQueue             0x08000975   Thumb Code    56  timers_1.o(i.prvCheckForValidListAndQueue)
    i.prvCheckTasksWaitingTermination        0x080009c0   Section        0  tasks_1.o(i.prvCheckTasksWaitingTermination)
    prvCheckTasksWaitingTermination          0x080009c1   Thumb Code    60  tasks_1.o(i.prvCheckTasksWaitingTermination)
    i.prvCopyDataFromQueue                   0x08000a08   Section        0  queue_1.o(i.prvCopyDataFromQueue)
    prvCopyDataFromQueue                     0x08000a09   Thumb Code    42  queue_1.o(i.prvCopyDataFromQueue)
    i.prvCopyDataToQueue                     0x08000a32   Section        0  queue_1.o(i.prvCopyDataToQueue)
    prvCopyDataToQueue                       0x08000a33   Thumb Code   124  queue_1.o(i.prvCopyDataToQueue)
    i.prvDeleteTCB                           0x08000aae   Section        0  tasks_1.o(i.prvDeleteTCB)
    prvDeleteTCB                             0x08000aaf   Thumb Code    18  tasks_1.o(i.prvDeleteTCB)
    i.prvGetNextExpireTime                   0x08000ac0   Section        0  timers_1.o(i.prvGetNextExpireTime)
    prvGetNextExpireTime                     0x08000ac1   Thumb Code    36  timers_1.o(i.prvGetNextExpireTime)
    i.prvHeapInit                            0x08000ae8   Section        0  heap_4.o(i.prvHeapInit)
    prvHeapInit                              0x08000ae9   Thumb Code    98  heap_4.o(i.prvHeapInit)
    i.prvIdleTask                            0x08000b64   Section        0  tasks_1.o(i.prvIdleTask)
    prvIdleTask                              0x08000b65   Thumb Code    32  tasks_1.o(i.prvIdleTask)
    i.prvInitialiseNewQueue                  0x08000b8c   Section        0  queue_1.o(i.prvInitialiseNewQueue)
    prvInitialiseNewQueue                    0x08000b8d   Thumb Code    42  queue_1.o(i.prvInitialiseNewQueue)
    i.prvInitialiseNewTask                   0x08000bb6   Section        0  tasks_1.o(i.prvInitialiseNewTask)
    prvInitialiseNewTask                     0x08000bb7   Thumb Code   170  tasks_1.o(i.prvInitialiseNewTask)
    i.prvInitialiseTaskLists                 0x08000c60   Section        0  tasks_1.o(i.prvInitialiseTaskLists)
    prvInitialiseTaskLists                   0x08000c61   Thumb Code    70  tasks_1.o(i.prvInitialiseTaskLists)
    i.prvInsertBlockIntoFreeList             0x08000cc8   Section        0  heap_4.o(i.prvInsertBlockIntoFreeList)
    prvInsertBlockIntoFreeList               0x08000cc9   Thumb Code    96  heap_4.o(i.prvInsertBlockIntoFreeList)
    i.prvInsertTimerInActiveList             0x08000d30   Section        0  timers_1.o(i.prvInsertTimerInActiveList)
    prvInsertTimerInActiveList               0x08000d31   Thumb Code    80  timers_1.o(i.prvInsertTimerInActiveList)
    i.prvIsQueueEmpty                        0x08000d88   Section        0  queue_1.o(i.prvIsQueueEmpty)
    prvIsQueueEmpty                          0x08000d89   Thumb Code    26  queue_1.o(i.prvIsQueueEmpty)
    i.prvIsQueueFull                         0x08000da2   Section        0  queue_1.o(i.prvIsQueueFull)
    prvIsQueueFull                           0x08000da3   Thumb Code    30  queue_1.o(i.prvIsQueueFull)
    i.prvNotifyQueueSetContainer             0x08000dc0   Section        0  queue_1.o(i.prvNotifyQueueSetContainer)
    prvNotifyQueueSetContainer               0x08000dc1   Thumb Code   144  queue_1.o(i.prvNotifyQueueSetContainer)
    i.prvProcessExpiredTimer                 0x08000e50   Section        0  timers_1.o(i.prvProcessExpiredTimer)
    prvProcessExpiredTimer                   0x08000e51   Thumb Code    94  timers_1.o(i.prvProcessExpiredTimer)
    i.prvProcessReceivedCommands             0x08000eb4   Section        0  timers_1.o(i.prvProcessReceivedCommands)
    prvProcessReceivedCommands               0x08000eb5   Thumb Code   240  timers_1.o(i.prvProcessReceivedCommands)
    i.prvProcessTimerOrBlockTask             0x08000fa8   Section        0  timers_1.o(i.prvProcessTimerOrBlockTask)
    prvProcessTimerOrBlockTask               0x08000fa9   Thumb Code   102  timers_1.o(i.prvProcessTimerOrBlockTask)
    i.prvResetNextTaskUnblockTime            0x0800101c   Section        0  tasks_1.o(i.prvResetNextTaskUnblockTime)
    prvResetNextTaskUnblockTime              0x0800101d   Thumb Code    42  tasks_1.o(i.prvResetNextTaskUnblockTime)
    i.prvSampleTimeNow                       0x08001050   Section        0  timers_1.o(i.prvSampleTimeNow)
    prvSampleTimeNow                         0x08001051   Thumb Code    40  timers_1.o(i.prvSampleTimeNow)
    i.prvSwitchTimerLists                    0x0800107c   Section        0  timers_1.o(i.prvSwitchTimerLists)
    prvSwitchTimerLists                      0x0800107d   Thumb Code   150  timers_1.o(i.prvSwitchTimerLists)
    i.prvTaskExitError                       0x0800111c   Section        0  port_1.o(i.prvTaskExitError)
    prvTaskExitError                         0x0800111d   Thumb Code    60  port_1.o(i.prvTaskExitError)
    i.prvTimerTask                           0x0800115c   Section        0  timers_1.o(i.prvTimerTask)
    prvTimerTask                             0x0800115d   Thumb Code    26  timers_1.o(i.prvTimerTask)
    i.prvUnlockQueue                         0x08001176   Section        0  queue_1.o(i.prvUnlockQueue)
    prvUnlockQueue                           0x08001177   Thumb Code   146  queue_1.o(i.prvUnlockQueue)
    i.pvPortMalloc                           0x08001208   Section        0  heap_4.o(i.pvPortMalloc)
    i.pxPortInitialiseStack                  0x08001344   Section        0  port_1.o(i.pxPortInitialiseStack)
    i.usartInit                              0x08001368   Section        0  main.o(i.usartInit)
    i.uxListRemove                           0x080013dc   Section        0  list_1.o(i.uxListRemove)
    i.vListInitialise                        0x08001404   Section        0  list_1.o(i.vListInitialise)
    i.vListInitialiseItem                    0x0800141e   Section        0  list_1.o(i.vListInitialiseItem)
    i.vListInsert                            0x08001424   Section        0  list_1.o(i.vListInsert)
    i.vListInsertEnd                         0x08001458   Section        0  list_1.o(i.vListInsertEnd)
    i.vPortEnterCritical                     0x08001470   Section        0  port_1.o(i.vPortEnterCritical)
    i.vPortExitCritical                      0x080014c4   Section        0  port_1.o(i.vPortExitCritical)
    i.vPortFree                              0x08001500   Section        0  heap_4.o(i.vPortFree)
    i.vPortSetupTimerInterrupt               0x08001594   Section        0  port_1.o(i.vPortSetupTimerInterrupt)
    i.vPortValidateInterruptPriority         0x080015bc   Section        0  port_1.o(i.vPortValidateInterruptPriority)
    i.vQueueWaitForMessageRestricted         0x08001634   Section        0  queue_1.o(i.vQueueWaitForMessageRestricted)
    i.vTaskInternalSetTimeOutState           0x08001680   Section        0  tasks_1.o(i.vTaskInternalSetTimeOutState)
    i.vTaskMissedYield                       0x08001698   Section        0  tasks_1.o(i.vTaskMissedYield)
    i.vTaskPlaceOnEventList                  0x080016a4   Section        0  tasks_1.o(i.vTaskPlaceOnEventList)
    i.vTaskPlaceOnEventListRestricted        0x080016dc   Section        0  tasks_1.o(i.vTaskPlaceOnEventListRestricted)
    i.vTaskStartScheduler                    0x0800171c   Section        0  tasks_1.o(i.vTaskStartScheduler)
    i.vTaskSuspendAll                        0x080017b0   Section        0  tasks_1.o(i.vTaskSuspendAll)
    i.vTaskSwitchContext                     0x080017c0   Section        0  tasks_1.o(i.vTaskSwitchContext)
    i.xPortStartScheduler                    0x0800184c   Section        0  port_1.o(i.xPortStartScheduler)
    i.xQueueGenericCreate                    0x08001944   Section        0  queue_1.o(i.xQueueGenericCreate)
    i.xQueueGenericReset                     0x0800199c   Section        0  queue_1.o(i.xQueueGenericReset)
    i.xQueueGenericSend                      0x08001a34   Section        0  queue_1.o(i.xQueueGenericSend)
    i.xQueueGenericSendFromISR               0x08001bfc   Section        0  queue_1.o(i.xQueueGenericSendFromISR)
    i.xQueueReceive                          0x08001d04   Section        0  queue_1.o(i.xQueueReceive)
    i.xTaskCheckForTimeOut                   0x08001e6c   Section        0  tasks_1.o(i.xTaskCheckForTimeOut)
    i.xTaskCreate                            0x08001ef8   Section        0  tasks_1.o(i.xTaskCreate)
    i.xTaskGetSchedulerState                 0x08001f58   Section        0  tasks_1.o(i.xTaskGetSchedulerState)
    i.xTaskGetTickCount                      0x08001f78   Section        0  tasks_1.o(i.xTaskGetTickCount)
    i.xTaskIncrementTick                     0x08001f84   Section        0  tasks_1.o(i.xTaskIncrementTick)
    i.xTaskPriorityDisinherit                0x080020cc   Section        0  tasks_1.o(i.xTaskPriorityDisinherit)
    i.xTaskRemoveFromEventList               0x08002194   Section        0  tasks_1.o(i.xTaskRemoveFromEventList)
    i.xTaskResumeAll                         0x0800222c   Section        0  tasks_1.o(i.xTaskResumeAll)
    i.xTimerCreateTimerTask                  0x08002330   Section        0  timers_1.o(i.xTimerCreateTimerTask)
    i.xTimerGenericCommand                   0x08002388   Section        0  timers_1.o(i.xTimerGenericCommand)
    .data                                    0x20000000   Section       20  system_stm32f10x.o(.data)
    .data                                    0x20000014   Section       24  heap_4.o(.data)
    xStart                                   0x20000014   Data           8  heap_4.o(.data)
    pxEnd                                    0x2000001c   Data           4  heap_4.o(.data)
    xFreeBytesRemaining                      0x20000020   Data           4  heap_4.o(.data)
    xMinimumEverFreeBytesRemaining           0x20000024   Data           4  heap_4.o(.data)
    xBlockAllocatedBit                       0x20000028   Data           4  heap_4.o(.data)
    .data                                    0x2000002c   Section       12  port_1.o(.data)
    uxCriticalNesting                        0x2000002c   Data           4  port_1.o(.data)
    ucMaxSysCallPriority                     0x20000030   Data           1  port_1.o(.data)
    ulMaxPRIGROUPValue                       0x20000034   Data           4  port_1.o(.data)
    .data                                    0x20000038   Section       60  tasks_1.o(.data)
    pxDelayedTaskList                        0x2000003c   Data           4  tasks_1.o(.data)
    pxOverflowDelayedTaskList                0x20000040   Data           4  tasks_1.o(.data)
    uxDeletedTasksWaitingCleanUp             0x20000044   Data           4  tasks_1.o(.data)
    uxCurrentNumberOfTasks                   0x20000048   Data           4  tasks_1.o(.data)
    xTickCount                               0x2000004c   Data           4  tasks_1.o(.data)
    uxTopReadyPriority                       0x20000050   Data           4  tasks_1.o(.data)
    xSchedulerRunning                        0x20000054   Data           4  tasks_1.o(.data)
    uxPendedTicks                            0x20000058   Data           4  tasks_1.o(.data)
    xYieldPending                            0x2000005c   Data           4  tasks_1.o(.data)
    xNumOfOverflows                          0x20000060   Data           4  tasks_1.o(.data)
    uxTaskNumber                             0x20000064   Data           4  tasks_1.o(.data)
    xNextTaskUnblockTime                     0x20000068   Data           4  tasks_1.o(.data)
    xIdleTaskHandle                          0x2000006c   Data           4  tasks_1.o(.data)
    uxSchedulerSuspended                     0x20000070   Data           4  tasks_1.o(.data)
    .data                                    0x20000074   Section       20  timers_1.o(.data)
    pxCurrentTimerList                       0x20000074   Data           4  timers_1.o(.data)
    pxOverflowTimerList                      0x20000078   Data           4  timers_1.o(.data)
    xTimerQueue                              0x2000007c   Data           4  timers_1.o(.data)
    xTimerTaskHandle                         0x20000080   Data           4  timers_1.o(.data)
    xLastTime                                0x20000084   Data           4  timers_1.o(.data)
    .bss                                     0x20000088   Section     4096  heap_4.o(.bss)
    ucHeap                                   0x20000088   Data        4096  heap_4.o(.bss)
    .bss                                     0x20001088   Section      200  tasks_1.o(.bss)
    pxReadyTasksLists                        0x20001088   Data         100  tasks_1.o(.bss)
    xDelayedTaskList1                        0x200010ec   Data          20  tasks_1.o(.bss)
    xDelayedTaskList2                        0x20001100   Data          20  tasks_1.o(.bss)
    xPendingReadyList                        0x20001114   Data          20  tasks_1.o(.bss)
    xTasksWaitingTermination                 0x20001128   Data          20  tasks_1.o(.bss)
    xSuspendedTaskList                       0x2000113c   Data          20  tasks_1.o(.bss)
    .bss                                     0x20001150   Section       40  timers_1.o(.bss)
    xActiveTimerList1                        0x20001150   Data          20  timers_1.o(.bss)
    xActiveTimerList2                        0x20001164   Data          20  timers_1.o(.bss)
    .bss                                     0x20001178   Section       96  libspace.o(.bss)
    HEAP                                     0x200011d8   Section      512  startup_stm32f10x_md.o(HEAP)
    Heap_Mem                                 0x200011d8   Data         512  startup_stm32f10x_md.o(HEAP)
    STACK                                    0x200013d8   Section     1024  startup_stm32f10x_md.o(STACK)
    Stack_Mem                                0x200013d8   Data        1024  startup_stm32f10x_md.o(STACK)
    __initial_sp                             0x200017d8   Data           0  startup_stm32f10x_md.o(STACK)

    Global Symbols

    Symbol Name                              Value     Ov Type        Size  Object(Section)

    BuildAttributes$$THM_ISAv4$P$D$K$B$S$PE$A:L22UL41UL21$X:L11$S22US41US21$IEEE1$IW$USESV6$~STKCKD$USESV7$~SHL$OSPACE$ROPI$EBA8$UX$STANDARDLIB$REQ8$PRES8$EABIv2 0x00000000   Number         0  anon$$obj.o ABSOLUTE
    __ARM_use_no_argv                        0x00000000   Number         0  main.o ABSOLUTE
    __ARM_exceptions_init                     - Undefined Weak Reference
    __alloca_initialize                       - Undefined Weak Reference
    __arm_preinit_                            - Undefined Weak Reference
    __cpp_initialize__aeabi_                  - Undefined Weak Reference
    __cxa_finalize                            - Undefined Weak Reference
    __rt_locale                               - Undefined Weak Reference
    __sigvec_lookup                           - Undefined Weak Reference
    _atexit_init                              - Undefined Weak Reference
    _call_atexit_fns                          - Undefined Weak Reference
    _clock_init                               - Undefined Weak Reference
    _fp_trap_init                             - Undefined Weak Reference
    _fp_trap_shutdown                         - Undefined Weak Reference
    _get_lc_collate                           - Undefined Weak Reference
    _get_lc_ctype                             - Undefined Weak Reference
    _get_lc_monetary                          - Undefined Weak Reference
    _get_lc_numeric                           - Undefined Weak Reference
    _get_lc_time                              - Undefined Weak Reference
    _getenv_init                              - Undefined Weak Reference
    _handle_redirection                       - Undefined Weak Reference
    _init_alloc                               - Undefined Weak Reference
    _init_user_alloc                          - Undefined Weak Reference
    _initio                                   - Undefined Weak Reference
    _rand_init                                - Undefined Weak Reference
    _signal_finish                            - Undefined Weak Reference
    _signal_init                              - Undefined Weak Reference
    _terminate_alloc                          - Undefined Weak Reference
    _terminate_user_alloc                     - Undefined Weak Reference
    _terminateio                              - Undefined Weak Reference
    __Vectors_Size                           0x000000ec   Number         0  startup_stm32f10x_md.o ABSOLUTE
    __Vectors                                0x08000000   Data           4  startup_stm32f10x_md.o(RESET)
    __Vectors_End                            0x080000ec   Data           0  startup_stm32f10x_md.o(RESET)
    __main                                   0x080000ed   Thumb Code     8  __main.o(!!!main)
    __scatterload                            0x080000f5   Thumb Code     0  __scatter.o(!!!scatter)
    __scatterload_rt2                        0x080000f5   Thumb Code    44  __scatter.o(!!!scatter)
    __scatterload_rt2_thumb_only             0x080000f5   Thumb Code     0  __scatter.o(!!!scatter)
    __scatterload_null                       0x08000103   Thumb Code     0  __scatter.o(!!!scatter)
    __scatterload_copy                       0x08000129   Thumb Code    26  __scatter_copy.o(!!handler_copy)
    __scatterload_zeroinit                   0x08000145   Thumb Code    28  __scatter_zi.o(!!handler_zi)
    __rt_lib_init                            0x08000161   Thumb Code     0  libinit.o(.ARM.Collect$$libinit$$00000000)
    __rt_lib_init_alloca_1                   0x08000163   Thumb Code     0  libinit2.o(.ARM.Collect$$libinit$$0000002E)
    __rt_lib_init_argv_1                     0x08000163   Thumb Code     0  libinit2.o(.ARM.Collect$$libinit$$0000002C)
    __rt_lib_init_atexit_1                   0x08000163   Thumb Code     0  libinit2.o(.ARM.Collect$$libinit$$0000001B)
    __rt_lib_init_clock_1                    0x08000163   Thumb Code     0  libinit2.o(.ARM.Collect$$libinit$$00000021)
    __rt_lib_init_cpp_1                      0x08000163   Thumb Code     0  libinit2.o(.ARM.Collect$$libinit$$00000032)
    __rt_lib_init_exceptions_1               0x08000163   Thumb Code     0  libinit2.o(.ARM.Collect$$libinit$$00000030)
    __rt_lib_init_fp_1                       0x08000163   Thumb Code     0  libinit2.o(.ARM.Collect$$libinit$$00000002)
    __rt_lib_init_fp_trap_1                  0x08000163   Thumb Code     0  libinit2.o(.ARM.Collect$$libinit$$0000001F)
    __rt_lib_init_getenv_1                   0x08000163   Thumb Code     0  libinit2.o(.ARM.Collect$$libinit$$00000023)
    __rt_lib_init_heap_1                     0x08000163   Thumb Code     0  libinit2.o(.ARM.Collect$$libinit$$0000000A)
    __rt_lib_init_lc_collate_1               0x08000163   Thumb Code     0  libinit2.o(.ARM.Collect$$libinit$$00000011)
    __rt_lib_init_lc_ctype_1                 0x08000163   Thumb Code     0  libinit2.o(.ARM.Collect$$libinit$$00000013)
    __rt_lib_init_lc_monetary_1              0x08000163   Thumb Code     0  libinit2.o(.ARM.Collect$$libinit$$00000015)
    __rt_lib_init_lc_numeric_1               0x08000163   Thumb Code     0  libinit2.o(.ARM.Collect$$libinit$$00000017)
    __rt_lib_init_lc_time_1                  0x08000163   Thumb Code     0  libinit2.o(.ARM.Collect$$libinit$$00000019)
    __rt_lib_init_preinit_1                  0x08000163   Thumb Code     0  libinit2.o(.ARM.Collect$$libinit$$00000004)
    __rt_lib_init_rand_1                     0x08000163   Thumb Code     0  libinit2.o(.ARM.Collect$$libinit$$0000000E)
    __rt_lib_init_return                     0x08000163   Thumb Code     0  libinit2.o(.ARM.Collect$$libinit$$00000033)
    __rt_lib_init_signal_1                   0x08000163   Thumb Code     0  libinit2.o(.ARM.Collect$$libinit$$0000001D)
    __rt_lib_init_stdio_1                    0x08000163   Thumb Code     0  libinit2.o(.ARM.Collect$$libinit$$00000025)
    __rt_lib_init_user_alloc_1               0x08000163   Thumb Code     0  libinit2.o(.ARM.Collect$$libinit$$0000000C)
    __rt_lib_shutdown                        0x08000165   Thumb Code     0  libshutdown.o(.ARM.Collect$$libshutdown$$00000000)
    __rt_lib_shutdown_cpp_1                  0x08000167   Thumb Code     0  libshutdown2.o(.ARM.Collect$$libshutdown$$00000002)
    __rt_lib_shutdown_fp_trap_1              0x08000167   Thumb Code     0  libshutdown2.o(.ARM.Collect$$libshutdown$$00000007)
    __rt_lib_shutdown_heap_1                 0x08000167   Thumb Code     0  libshutdown2.o(.ARM.Collect$$libshutdown$$0000000F)
    __rt_lib_shutdown_return                 0x08000167   Thumb Code     0  libshutdown2.o(.ARM.Collect$$libshutdown$$00000010)
    __rt_lib_shutdown_signal_1               0x08000167   Thumb Code     0  libshutdown2.o(.ARM.Collect$$libshutdown$$0000000A)
    __rt_lib_shutdown_stdio_1                0x08000167   Thumb Code     0  libshutdown2.o(.ARM.Collect$$libshutdown$$00000004)
    __rt_lib_shutdown_user_alloc_1           0x08000167   Thumb Code     0  libshutdown2.o(.ARM.Collect$$libshutdown$$0000000C)
    __rt_entry                               0x08000169   Thumb Code     0  __rtentry.o(.ARM.Collect$$rtentry$$00000000)
    __rt_entry_presh_1                       0x08000169   Thumb Code     0  __rtentry2.o(.ARM.Collect$$rtentry$$00000002)
    __rt_entry_sh                            0x08000169   Thumb Code     0  __rtentry4.o(.ARM.Collect$$rtentry$$00000004)
    __rt_entry_li                            0x0800016f   Thumb Code     0  __rtentry2.o(.ARM.Collect$$rtentry$$0000000A)
    __rt_entry_postsh_1                      0x0800016f   Thumb Code     0  __rtentry2.o(.ARM.Collect$$rtentry$$00000009)
    __rt_entry_main                          0x08000173   Thumb Code     0  __rtentry2.o(.ARM.Collect$$rtentry$$0000000D)
    __rt_entry_postli_1                      0x08000173   Thumb Code     0  __rtentry2.o(.ARM.Collect$$rtentry$$0000000C)
    __rt_exit                                0x0800017b   Thumb Code     0  rtexit.o(.ARM.Collect$$rtexit$$00000000)
    __rt_exit_ls                             0x0800017d   Thumb Code     0  rtexit2.o(.ARM.Collect$$rtexit$$00000003)
    __rt_exit_prels_1                        0x0800017d   Thumb Code     0  rtexit2.o(.ARM.Collect$$rtexit$$00000002)
    __rt_exit_exit                           0x08000181   Thumb Code     0  rtexit2.o(.ARM.Collect$$rtexit$$00000004)
    SVC_Handler                              0x08000189   Thumb Code    32  port_1.o(.emb_text)
    __asm___6_port_c_39a90d8d__prvStartFirstTask 0x080001ad   Thumb Code    28  port_1.o(.emb_text)
    PendSV_Handler                           0x080001cd   Thumb Code    72  port_1.o(.emb_text)
    vPortGetIPSR                             0x08000219   Thumb Code     6  port_1.o(.emb_text)
    Reset_Handler                            0x08000221   Thumb Code     8  startup_stm32f10x_md.o(.text)
    NMI_Handler                              0x08000229   Thumb Code     2  startup_stm32f10x_md.o(.text)
    HardFault_Handler                        0x0800022b   Thumb Code     2  startup_stm32f10x_md.o(.text)
    MemManage_Handler                        0x0800022d   Thumb Code     2  startup_stm32f10x_md.o(.text)
    BusFault_Handler                         0x0800022f   Thumb Code     2  startup_stm32f10x_md.o(.text)
    UsageFault_Handler                       0x08000231   Thumb Code     2  startup_stm32f10x_md.o(.text)
    DebugMon_Handler                         0x08000235   Thumb Code     2  startup_stm32f10x_md.o(.text)
    ADC1_2_IRQHandler                        0x0800023b   Thumb Code     0  startup_stm32f10x_md.o(.text)
    CAN1_RX1_IRQHandler                      0x0800023b   Thumb Code     0  startup_stm32f10x_md.o(.text)
    CAN1_SCE_IRQHandler                      0x0800023b   Thumb Code     0  startup_stm32f10x_md.o(.text)
    EXTI0_IRQHandler                         0x0800023b   Thumb Code     0  startup_stm32f10x_md.o(.text)
    EXTI15_10_IRQHandler                     0x0800023b   Thumb Code     0  startup_stm32f10x_md.o(.text)
    EXTI1_IRQHandler                         0x0800023b   Thumb Code     0  startup_stm32f10x_md.o(.text)
    EXTI2_IRQHandler                         0x0800023b   Thumb Code     0  startup_stm32f10x_md.o(.text)
    EXTI3_IRQHandler                         0x0800023b   Thumb Code     0  startup_stm32f10x_md.o(.text)
    EXTI4_IRQHandler                         0x0800023b   Thumb Code     0  startup_stm32f10x_md.o(.text)
    EXTI9_5_IRQHandler                       0x0800023b   Thumb Code     0  startup_stm32f10x_md.o(.text)
    FLASH_IRQHandler                         0x0800023b   Thumb Code     0  startup_stm32f10x_md.o(.text)
    I2C1_ER_IRQHandler                       0x0800023b   Thumb Code     0  startup_stm32f10x_md.o(.text)
    I2C1_EV_IRQHandler                       0x0800023b   Thumb Code     0  startup_stm32f10x_md.o(.text)
    I2C2_ER_IRQHandler                       0x0800023b   Thumb Code     0  startup_stm32f10x_md.o(.text)
    I2C2_EV_IRQHandler                       0x0800023b   Thumb Code     0  startup_stm32f10x_md.o(.text)
    PVD_IRQHandler                           0x0800023b   Thumb Code     0  startup_stm32f10x_md.o(.text)
    RCC_IRQHandler                           0x0800023b   Thumb Code     0  startup_stm32f10x_md.o(.text)
    RTCAlarm_IRQHandler                      0x0800023b   Thumb Code     0  startup_stm32f10x_md.o(.text)
    RTC_IRQHandler                           0x0800023b   Thumb Code     0  startup_stm32f10x_md.o(.text)
    SPI1_IRQHandler                          0x0800023b   Thumb Code     0  startup_stm32f10x_md.o(.text)
    SPI2_IRQHandler                          0x0800023b   Thumb Code     0  startup_stm32f10x_md.o(.text)
    TAMPER_IRQHandler                        0x0800023b   Thumb Code     0  startup_stm32f10x_md.o(.text)
    TIM1_BRK_IRQHandler                      0x0800023b   Thumb Code     0  startup_stm32f10x_md.o(.text)
    TIM1_CC_IRQHandler                       0x0800023b   Thumb Code     0  startup_stm32f10x_md.o(.text)
    TIM1_TRG_COM_IRQHandler                  0x0800023b   Thumb Code     0  startup_stm32f10x_md.o(.text)
    TIM1_UP_IRQHandler                       0x0800023b   Thumb Code     0  startup_stm32f10x_md.o(.text)
    TIM2_IRQHandler                          0x0800023b   Thumb Code     0  startup_stm32f10x_md.o(.text)
    TIM3_IRQHandler                          0x0800023b   Thumb Code     0  startup_stm32f10x_md.o(.text)
    TIM4_IRQHandler                          0x0800023b   Thumb Code     0  startup_stm32f10x_md.o(.text)
    USART1_IRQHandler                        0x0800023b   Thumb Code     0  startup_stm32f10x_md.o(.text)
    USART2_IRQHandler                        0x0800023b   Thumb Code     0  startup_stm32f10x_md.o(.text)
    USART3_IRQHandler                        0x0800023b   Thumb Code     0  startup_stm32f10x_md.o(.text)
    USBWakeUp_IRQHandler                     0x0800023b   Thumb Code     0  startup_stm32f10x_md.o(.text)
    USB_HP_CAN1_TX_IRQHandler                0x0800023b   Thumb Code     0  startup_stm32f10x_md.o(.text)
    USB_LP_CAN1_RX0_IRQHandler               0x0800023b   Thumb Code     0  startup_stm32f10x_md.o(.text)
    WWDG_IRQHandler                          0x0800023b   Thumb Code     0  startup_stm32f10x_md.o(.text)
    __user_initial_stackheap                 0x0800023d   Thumb Code     0  startup_stm32f10x_md.o(.text)
    __aeabi_memcpy                           0x08000261   Thumb Code     0  rt_memcpy_v6.o(.text)
    __rt_memcpy                              0x08000261   Thumb Code   138  rt_memcpy_v6.o(.text)
    _memcpy_lastbytes                        0x080002c7   Thumb Code     0  rt_memcpy_v6.o(.text)
    __use_two_region_memory                  0x080002eb   Thumb Code     2  heapauxi.o(.text)
    __rt_heap_escrow$2region                 0x080002ed   Thumb Code     2  heapauxi.o(.text)
    __rt_heap_expand$2region                 0x080002ef   Thumb Code     2  heapauxi.o(.text)
    __aeabi_memcpy4                          0x080002f1   Thumb Code     0  rt_memcpy_w.o(.text)
    __aeabi_memcpy8                          0x080002f1   Thumb Code     0  rt_memcpy_w.o(.text)
    __rt_memcpy_w                            0x080002f1   Thumb Code   100  rt_memcpy_w.o(.text)
    _memcpy_lastbytes_aligned                0x08000339   Thumb Code     0  rt_memcpy_w.o(.text)
    __user_setup_stackheap                   0x08000355   Thumb Code    74  sys_stackheap_outer.o(.text)
    exit                                     0x0800039f   Thumb Code    18  exit.o(.text)
    __user_libspace                          0x080003b1   Thumb Code     8  libspace.o(.text)
    __user_perproc_libspace                  0x080003b1   Thumb Code     0  libspace.o(.text)
    __user_perthread_libspace                0x080003b1   Thumb Code     0  libspace.o(.text)
    _sys_exit                                0x080003b9   Thumb Code     8  sys_exit.o(.text)
    __I$use$semihosting                      0x080003c5   Thumb Code     0  use_no_semi.o(.text)
    __use_no_semihosting_swi                 0x080003c5   Thumb Code     2  use_no_semi.o(.text)
    DMA1_Channel1_Event                      0x080003c7   Thumb Code     2  dma_stm32f10x.o(i.DMA1_Channel1_Event)
    __semihosting_library_function           0x080003c7   Thumb Code     0  indicate_semi.o(.text)
    DMA1_Channel1_IRQHandler                 0x080003c9   Thumb Code    22  dma_stm32f10x.o(i.DMA1_Channel1_IRQHandler)
    DMA1_Channel2_Event                      0x080003e5   Thumb Code     2  dma_stm32f10x.o(i.DMA1_Channel2_Event)
    DMA1_Channel2_IRQHandler                 0x080003e9   Thumb Code    24  dma_stm32f10x.o(i.DMA1_Channel2_IRQHandler)
    DMA1_Channel3_Event                      0x08000405   Thumb Code     2  dma_stm32f10x.o(i.DMA1_Channel3_Event)
    DMA1_Channel3_IRQHandler                 0x08000409   Thumb Code    24  dma_stm32f10x.o(i.DMA1_Channel3_IRQHandler)
    DMA1_Channel4_Event                      0x08000425   Thumb Code     2  dma_stm32f10x.o(i.DMA1_Channel4_Event)
    DMA1_Channel4_IRQHandler                 0x08000429   Thumb Code    24  dma_stm32f10x.o(i.DMA1_Channel4_IRQHandler)
    DMA1_Channel5_Event                      0x08000445   Thumb Code     2  dma_stm32f10x.o(i.DMA1_Channel5_Event)
    DMA1_Channel5_IRQHandler                 0x08000449   Thumb Code    24  dma_stm32f10x.o(i.DMA1_Channel5_IRQHandler)
    DMA1_Channel6_Event                      0x08000465   Thumb Code     2  dma_stm32f10x.o(i.DMA1_Channel6_Event)
    DMA1_Channel6_IRQHandler                 0x08000469   Thumb Code    24  dma_stm32f10x.o(i.DMA1_Channel6_IRQHandler)
    DMA1_Channel7_Event                      0x08000485   Thumb Code     2  dma_stm32f10x.o(i.DMA1_Channel7_Event)
    DMA1_Channel7_IRQHandler                 0x08000489   Thumb Code    24  dma_stm32f10x.o(i.DMA1_Channel7_IRQHandler)
    GPIO_Init                                0x080004a5   Thumb Code   278  stm32f10x_gpio.o(i.GPIO_Init)
    GPIO_ReadInputData                       0x080005bb   Thumb Code     8  stm32f10x_gpio.o(i.GPIO_ReadInputData)
    GPIO_ResetBits                           0x080005c3   Thumb Code     4  stm32f10x_gpio.o(i.GPIO_ResetBits)
    GPIO_SetBits                             0x080005c7   Thumb Code     4  stm32f10x_gpio.o(i.GPIO_SetBits)
    RCC_APB2PeriphClockCmd                   0x080005cd   Thumb Code    26  stm32f10x_rcc.o(i.RCC_APB2PeriphClockCmd)
    SysTick_Handler                          0x080006d5   Thumb Code    46  port_1.o(i.SysTick_Handler)
    SystemInit                               0x08000709   Thumb Code    78  system_stm32f10x.o(i.SystemInit)
    buttonInit                               0x08000769   Thumb Code    40  main.o(i.buttonInit)
    ledInit                                  0x08000795   Thumb Code    78  main.o(i.ledInit)
    main                                     0x080007ed   Thumb Code    54  main.o(i.main)
    pvPortMalloc                             0x08001209   Thumb Code   296  heap_4.o(i.pvPortMalloc)
    pxPortInitialiseStack                    0x08001345   Thumb Code    30  port_1.o(i.pxPortInitialiseStack)
    usartInit                                0x08001369   Thumb Code   102  main.o(i.usartInit)
    uxListRemove                             0x080013dd   Thumb Code    40  list_1.o(i.uxListRemove)
    vListInitialise                          0x08001405   Thumb Code    26  list_1.o(i.vListInitialise)
    vListInitialiseItem                      0x0800141f   Thumb Code     6  list_1.o(i.vListInitialiseItem)
    vListInsert                              0x08001425   Thumb Code    52  list_1.o(i.vListInsert)
    vListInsertEnd                           0x08001459   Thumb Code    24  list_1.o(i.vListInsertEnd)
    vPortEnterCritical                       0x08001471   Thumb Code    76  port_1.o(i.vPortEnterCritical)
    vPortExitCritical                        0x080014c5   Thumb Code    56  port_1.o(i.vPortExitCritical)
    vPortFree                                0x08001501   Thumb Code   140  heap_4.o(i.vPortFree)
    vPortSetupTimerInterrupt                 0x08001595   Thumb Code    36  port_1.o(i.vPortSetupTimerInterrupt)
    vPortValidateInterruptPriority           0x080015bd   Thumb Code   106  port_1.o(i.vPortValidateInterruptPriority)
    vQueueWaitForMessageRestricted           0x08001635   Thumb Code    74  queue_1.o(i.vQueueWaitForMessageRestricted)
    vTaskInternalSetTimeOutState             0x08001681   Thumb Code    14  tasks_1.o(i.vTaskInternalSetTimeOutState)
    vTaskMissedYield                         0x08001699   Thumb Code     8  tasks_1.o(i.vTaskMissedYield)
    vTaskPlaceOnEventList                    0x080016a5   Thumb Code    52  tasks_1.o(i.vTaskPlaceOnEventList)
    vTaskPlaceOnEventListRestricted          0x080016dd   Thumb Code    60  tasks_1.o(i.vTaskPlaceOnEventListRestricted)
    vTaskStartScheduler                      0x0800171d   Thumb Code   118  tasks_1.o(i.vTaskStartScheduler)
    vTaskSuspendAll                          0x080017b1   Thumb Code    12  tasks_1.o(i.vTaskSuspendAll)
    vTaskSwitchContext                       0x080017c1   Thumb Code   118  tasks_1.o(i.vTaskSwitchContext)
    xPortStartScheduler                      0x0800184d   Thumb Code   228  port_1.o(i.xPortStartScheduler)
    xQueueGenericCreate                      0x08001945   Thumb Code    88  queue_1.o(i.xQueueGenericCreate)
    xQueueGenericReset                       0x0800199d   Thumb Code   146  queue_1.o(i.xQueueGenericReset)
    xQueueGenericSend                        0x08001a35   Thumb Code   452  queue_1.o(i.xQueueGenericSend)
    xQueueGenericSendFromISR                 0x08001bfd   Thumb Code   264  queue_1.o(i.xQueueGenericSendFromISR)
    xQueueReceive                            0x08001d05   Thumb Code   356  queue_1.o(i.xQueueReceive)
    xTaskCheckForTimeOut                     0x08001e6d   Thumb Code   132  tasks_1.o(i.xTaskCheckForTimeOut)
    xTaskCreate                              0x08001ef9   Thumb Code    96  tasks_1.o(i.xTaskCreate)
    xTaskGetSchedulerState                   0x08001f59   Thumb Code    24  tasks_1.o(i.xTaskGetSchedulerState)
    xTaskGetTickCount                        0x08001f79   Thumb Code     6  tasks_1.o(i.xTaskGetTickCount)
    xTaskIncrementTick                       0x08001f85   Thumb Code   282  tasks_1.o(i.xTaskIncrementTick)
    xTaskPriorityDisinherit                  0x080020cd   Thumb Code   188  tasks_1.o(i.xTaskPriorityDisinherit)
    xTaskRemoveFromEventList                 0x08002195   Thumb Code   128  tasks_1.o(i.xTaskRemoveFromEventList)
    xTaskResumeAll                           0x0800222d   Thumb Code   224  tasks_1.o(i.xTaskResumeAll)
    xTimerCreateTimerTask                    0x08002331   Thumb Code    66  timers_1.o(i.xTimerCreateTimerTask)
    xTimerGenericCommand                     0x08002389   Thumb Code   126  timers_1.o(i.xTimerGenericCommand)
    Region$$Table$$Base                      0x0800240c   Number         0  anon$$obj.o(Region$$Table)
    Region$$Table$$Limit                     0x0800242c   Number         0  anon$$obj.o(Region$$Table)
    SystemCoreClock                          0x20000000   Data           4  system_stm32f10x.o(.data)
    AHBPrescTable                            0x20000004   Data          16  system_stm32f10x.o(.data)
    pxCurrentTCB                             0x20000038   Data           4  tasks_1.o(.data)
    __libspace_start                         0x20001178   Data          96  libspace.o(.bss)
    __temporary_stack_top$libspace           0x200011d8   Data           0  libspace.o(.bss)



==============================================================================

Memory Map of the image

  Image Entry point : 0x08000221

  Load Region LR_1 (Base: 0x08000000, Size: 0x000024b4, Max: 0xffffffff, ABSOLUTE)

    Execution Region ER_RO (Exec base: 0x08000000, Load base: 0x08000000, Size: 0x0000242c, Max: 0xffffffff, ABSOLUTE)

    Exec Addr    Load Addr    Size         Type   Attr      Idx    E Section Name        Object

    0x08000000   0x08000000   0x000000ec   Data   RO          907    RESET               startup_stm32f10x_md.o
    0x080000ec   0x080000ec   0x00000008   Code   RO         2051  * !!!main             c_w.l(__main.o)
    0x080000f4   0x080000f4   0x00000034   Code   RO         2212    !!!scatter          c_w.l(__scatter.o)
    0x08000128   0x08000128   0x0000001a   Code   RO         2214    !!handler_copy      c_w.l(__scatter_copy.o)
    0x08000142   0x08000142   0x00000002   PAD
    0x08000144   0x08000144   0x0000001c   Code   RO         2216    !!handler_zi        c_w.l(__scatter_zi.o)
    0x08000160   0x08000160   0x00000002   Code   RO         2082    .ARM.Collect$$libinit$$00000000  c_w.l(libinit.o)
    0x08000162   0x08000162   0x00000000   Code   RO         2089    .ARM.Collect$$libinit$$00000002  c_w.l(libinit2.o)
    0x08000162   0x08000162   0x00000000   Code   RO         2091    .ARM.Collect$$libinit$$00000004  c_w.l(libinit2.o)
    0x08000162   0x08000162   0x00000000   Code   RO         2094    .ARM.Collect$$libinit$$0000000A  c_w.l(libinit2.o)
    0x08000162   0x08000162   0x00000000   Code   RO         2096    .ARM.Collect$$libinit$$0000000C  c_w.l(libinit2.o)
    0x08000162   0x08000162   0x00000000   Code   RO         2098    .ARM.Collect$$libinit$$0000000E  c_w.l(libinit2.o)
    0x08000162   0x08000162   0x00000000   Code   RO         2101    .ARM.Collect$$libinit$$00000011  c_w.l(libinit2.o)
    0x08000162   0x08000162   0x00000000   Code   RO         2103    .ARM.Collect$$libinit$$00000013  c_w.l(libinit2.o)
    0x08000162   0x08000162   0x00000000   Code   RO         2105    .ARM.Collect$$libinit$$00000015  c_w.l(libinit2.o)
    0x08000162   0x08000162   0x00000000   Code   RO         2107    .ARM.Collect$$libinit$$00000017  c_w.l(libinit2.o)
    0x08000162   0x08000162   0x00000000   Code   RO         2109    .ARM.Collect$$libinit$$00000019  c_w.l(libinit2.o)
    0x08000162   0x08000162   0x00000000   Code   RO         2111    .ARM.Collect$$libinit$$0000001B  c_w.l(libinit2.o)
    0x08000162   0x08000162   0x00000000   Code   RO         2113    .ARM.Collect$$libinit$$0000001D  c_w.l(libinit2.o)
    0x08000162   0x08000162   0x00000000   Code   RO         2115    .ARM.Collect$$libinit$$0000001F  c_w.l(libinit2.o)
    0x08000162   0x08000162   0x00000000   Code   RO         2117    .ARM.Collect$$libinit$$00000021  c_w.l(libinit2.o)
    0x08000162   0x08000162   0x00000000   Code   RO         2119    .ARM.Collect$$libinit$$00000023  c_w.l(libinit2.o)
    0x08000162   0x08000162   0x00000000   Code   RO         2121    .ARM.Collect$$libinit$$00000025  c_w.l(libinit2.o)
    0x08000162   0x08000162   0x00000000   Code   RO         2125    .ARM.Collect$$libinit$$0000002C  c_w.l(libinit2.o)
    0x08000162   0x08000162   0x00000000   Code   RO         2127    .ARM.Collect$$libinit$$0000002E  c_w.l(libinit2.o)
    0x08000162   0x08000162   0x00000000   Code   RO         2129    .ARM.Collect$$libinit$$00000030  c_w.l(libinit2.o)
    0x08000162   0x08000162   0x00000000   Code   RO         2131    .ARM.Collect$$libinit$$00000032  c_w.l(libinit2.o)
    0x08000162   0x08000162   0x00000002   Code   RO         2132    .ARM.Collect$$libinit$$00000033  c_w.l(libinit2.o)
    0x08000164   0x08000164   0x00000002   Code   RO         2152    .ARM.Collect$$libshutdown$$00000000  c_w.l(libshutdown.o)
    0x08000166   0x08000166   0x00000000   Code   RO         2165    .ARM.Collect$$libshutdown$$00000002  c_w.l(libshutdown2.o)
    0x08000166   0x08000166   0x00000000   Code   RO         2167    .ARM.Collect$$libshutdown$$00000004  c_w.l(libshutdown2.o)
    0x08000166   0x08000166   0x00000000   Code   RO         2170    .ARM.Collect$$libshutdown$$00000007  c_w.l(libshutdown2.o)
    0x08000166   0x08000166   0x00000000   Code   RO         2173    .ARM.Collect$$libshutdown$$0000000A  c_w.l(libshutdown2.o)
    0x08000166   0x08000166   0x00000000   Code   RO         2175    .ARM.Collect$$libshutdown$$0000000C  c_w.l(libshutdown2.o)
    0x08000166   0x08000166   0x00000000   Code   RO         2178    .ARM.Collect$$libshutdown$$0000000F  c_w.l(libshutdown2.o)
    0x08000166   0x08000166   0x00000002   Code   RO         2179    .ARM.Collect$$libshutdown$$00000010  c_w.l(libshutdown2.o)
    0x08000168   0x08000168   0x00000000   Code   RO         2053    .ARM.Collect$$rtentry$$00000000  c_w.l(__rtentry.o)
    0x08000168   0x08000168   0x00000000   Code   RO         2059    .ARM.Collect$$rtentry$$00000002  c_w.l(__rtentry2.o)
    0x08000168   0x08000168   0x00000006   Code   RO         2071    .ARM.Collect$$rtentry$$00000004  c_w.l(__rtentry4.o)
    0x0800016e   0x0800016e   0x00000000   Code   RO         2061    .ARM.Collect$$rtentry$$00000009  c_w.l(__rtentry2.o)
    0x0800016e   0x0800016e   0x00000004   Code   RO         2062    .ARM.Collect$$rtentry$$0000000A  c_w.l(__rtentry2.o)
    0x08000172   0x08000172   0x00000000   Code   RO         2064    .ARM.Collect$$rtentry$$0000000C  c_w.l(__rtentry2.o)
    0x08000172   0x08000172   0x00000008   Code   RO         2065    .ARM.Collect$$rtentry$$0000000D  c_w.l(__rtentry2.o)
    0x0800017a   0x0800017a   0x00000002   Code   RO         2086    .ARM.Collect$$rtexit$$00000000  c_w.l(rtexit.o)
    0x0800017c   0x0800017c   0x00000000   Code   RO         2134    .ARM.Collect$$rtexit$$00000002  c_w.l(rtexit2.o)
    0x0800017c   0x0800017c   0x00000004   Code   RO         2135    .ARM.Collect$$rtexit$$00000003  c_w.l(rtexit2.o)
    0x08000180   0x08000180   0x00000006   Code   RO         2136    .ARM.Collect$$rtexit$$00000004  c_w.l(rtexit2.o)
    0x08000186   0x08000186   0x00000002   PAD
    0x08000188   0x08000188   0x00000096   Code   RO         1199    .emb_text           port_1.o
    0x0800021e   0x0800021e   0x00000002   PAD
    0x08000220   0x08000220   0x00000040   Code   RO          908  * .text               startup_stm32f10x_md.o
    0x08000260   0x08000260   0x0000008a   Code   RO         2043    .text               c_w.l(rt_memcpy_v6.o)
    0x080002ea   0x080002ea   0x00000006   Code   RO         2049    .text               c_w.l(heapauxi.o)
    0x080002f0   0x080002f0   0x00000064   Code   RO         2054    .text               c_w.l(rt_memcpy_w.o)
    0x08000354   0x08000354   0x0000004a   Code   RO         2073    .text               c_w.l(sys_stackheap_outer.o)
    0x0800039e   0x0800039e   0x00000012   Code   RO         2075    .text               c_w.l(exit.o)
    0x080003b0   0x080003b0   0x00000008   Code   RO         2083    .text               c_w.l(libspace.o)
    0x080003b8   0x080003b8   0x0000000c   Code   RO         2144    .text               c_w.l(sys_exit.o)
    0x080003c4   0x080003c4   0x00000002   Code   RO         2155    .text               c_w.l(use_no_semi.o)
    0x080003c6   0x080003c6   0x00000000   Code   RO         2157    .text               c_w.l(indicate_semi.o)
    0x080003c6   0x080003c6   0x00000002   Code   RO          722    i.DMA1_Channel1_Event  dma_stm32f10x.o
    0x080003c8   0x080003c8   0x0000001c   Code   RO          723    i.DMA1_Channel1_IRQHandler  dma_stm32f10x.o
    0x080003e4   0x080003e4   0x00000002   Code   RO          724    i.DMA1_Channel2_Event  dma_stm32f10x.o
    0x080003e6   0x080003e6   0x00000002   PAD
    0x080003e8   0x080003e8   0x0000001c   Code   RO          725    i.DMA1_Channel2_IRQHandler  dma_stm32f10x.o
    0x08000404   0x08000404   0x00000002   Code   RO          726    i.DMA1_Channel3_Event  dma_stm32f10x.o
    0x08000406   0x08000406   0x00000002   PAD
    0x08000408   0x08000408   0x0000001c   Code   RO          727    i.DMA1_Channel3_IRQHandler  dma_stm32f10x.o
    0x08000424   0x08000424   0x00000002   Code   RO          728    i.DMA1_Channel4_Event  dma_stm32f10x.o
    0x08000426   0x08000426   0x00000002   PAD
    0x08000428   0x08000428   0x0000001c   Code   RO          729    i.DMA1_Channel4_IRQHandler  dma_stm32f10x.o
    0x08000444   0x08000444   0x00000002   Code   RO          730    i.DMA1_Channel5_Event  dma_stm32f10x.o
    0x08000446   0x08000446   0x00000002   PAD
    0x08000448   0x08000448   0x0000001c   Code   RO          731    i.DMA1_Channel5_IRQHandler  dma_stm32f10x.o
    0x08000464   0x08000464   0x00000002   Code   RO          732    i.DMA1_Channel6_Event  dma_stm32f10x.o
    0x08000466   0x08000466   0x00000002   PAD
    0x08000468   0x08000468   0x0000001c   Code   RO          733    i.DMA1_Channel6_IRQHandler  dma_stm32f10x.o
    0x08000484   0x08000484   0x00000002   Code   RO          734    i.DMA1_Channel7_Event  dma_stm32f10x.o
    0x08000486   0x08000486   0x00000002   PAD
    0x08000488   0x08000488   0x0000001c   Code   RO          735    i.DMA1_Channel7_IRQHandler  dma_stm32f10x.o
    0x080004a4   0x080004a4   0x00000116   Code   RO          198    i.GPIO_Init         stm32f10x_gpio.o
    0x080005ba   0x080005ba   0x00000008   Code   RO          201    i.GPIO_ReadInputData  stm32f10x_gpio.o
    0x080005c2   0x080005c2   0x00000004   Code   RO          205    i.GPIO_ResetBits    stm32f10x_gpio.o
    0x080005c6   0x080005c6   0x00000004   Code   RO          206    i.GPIO_SetBits      stm32f10x_gpio.o
    0x080005ca   0x080005ca   0x00000002   PAD
    0x080005cc   0x080005cc   0x00000020   Code   RO          322    i.RCC_APB2PeriphClockCmd  stm32f10x_rcc.o
    0x080005ec   0x080005ec   0x00000008   Code   RO          915    i.SetSysClock       system_stm32f10x.o
    0x080005f4   0x080005f4   0x000000e0   Code   RO          916    i.SetSysClockTo72   system_stm32f10x.o
    0x080006d4   0x080006d4   0x00000034   Code   RO         1200    i.SysTick_Handler   port_1.o
    0x08000708   0x08000708   0x00000060   Code   RO          918    i.SystemInit        system_stm32f10x.o
    0x08000768   0x08000768   0x0000002c   Code   RO            4    i.buttonInit        main.o
    0x08000794   0x08000794   0x00000058   Code   RO            5    i.ledInit           main.o
    0x080007ec   0x080007ec   0x0000003c   Code   RO            6    i.main              main.o
    0x08000828   0x08000828   0x00000098   Code   RO         1608    i.prvAddCurrentTaskToDelayedList  tasks_1.o
    0x080008c0   0x080008c0   0x000000b4   Code   RO         1609    i.prvAddNewTaskToReadyList  tasks_1.o
    0x08000974   0x08000974   0x0000004c   Code   RO         1923    i.prvCheckForValidListAndQueue  timers_1.o
    0x080009c0   0x080009c0   0x00000048   Code   RO         1610    i.prvCheckTasksWaitingTermination  tasks_1.o
    0x08000a08   0x08000a08   0x0000002a   Code   RO         1276    i.prvCopyDataFromQueue  queue_1.o
    0x08000a32   0x08000a32   0x0000007c   Code   RO         1277    i.prvCopyDataToQueue  queue_1.o
    0x08000aae   0x08000aae   0x00000012   Code   RO         1611    i.prvDeleteTCB      tasks_1.o
    0x08000ac0   0x08000ac0   0x00000028   Code   RO         1924    i.prvGetNextExpireTime  timers_1.o
    0x08000ae8   0x08000ae8   0x0000007c   Code   RO         1138    i.prvHeapInit       heap_4.o
    0x08000b64   0x08000b64   0x00000028   Code   RO         1612    i.prvIdleTask       tasks_1.o
    0x08000b8c   0x08000b8c   0x0000002a   Code   RO         1280    i.prvInitialiseNewQueue  queue_1.o
    0x08000bb6   0x08000bb6   0x000000aa   Code   RO         1613    i.prvInitialiseNewTask  tasks_1.o
    0x08000c60   0x08000c60   0x00000068   Code   RO         1614    i.prvInitialiseTaskLists  tasks_1.o
    0x08000cc8   0x08000cc8   0x00000068   Code   RO         1139    i.prvInsertBlockIntoFreeList  heap_4.o
    0x08000d30   0x08000d30   0x00000058   Code   RO         1926    i.prvInsertTimerInActiveList  timers_1.o
    0x08000d88   0x08000d88   0x0000001a   Code   RO         1281    i.prvIsQueueEmpty   queue_1.o
    0x08000da2   0x08000da2   0x0000001e   Code   RO         1282    i.prvIsQueueFull    queue_1.o
    0x08000dc0   0x08000dc0   0x00000090   Code   RO         1283    i.prvNotifyQueueSetContainer  queue_1.o
    0x08000e50   0x08000e50   0x00000064   Code   RO         1927    i.prvProcessExpiredTimer  timers_1.o
    0x08000eb4   0x08000eb4   0x000000f4   Code   RO         1928    i.prvProcessReceivedCommands  timers_1.o
    0x08000fa8   0x08000fa8   0x00000074   Code   RO         1929    i.prvProcessTimerOrBlockTask  timers_1.o
    0x0800101c   0x0800101c   0x00000034   Code   RO         1615    i.prvResetNextTaskUnblockTime  tasks_1.o
    0x08001050   0x08001050   0x0000002c   Code   RO         1930    i.prvSampleTimeNow  timers_1.o
    0x0800107c   0x0800107c   0x000000a0   Code   RO         1931    i.prvSwitchTimerLists  timers_1.o
    0x0800111c   0x0800111c   0x00000040   Code   RO         1201    i.prvTaskExitError  port_1.o
    0x0800115c   0x0800115c   0x0000001a   Code   RO         1932    i.prvTimerTask      timers_1.o
    0x08001176   0x08001176   0x00000092   Code   RO         1284    i.prvUnlockQueue    queue_1.o
    0x08001208   0x08001208   0x0000013c   Code   RO         1140    i.pvPortMalloc      heap_4.o
    0x08001344   0x08001344   0x00000024   Code   RO         1202    i.pxPortInitialiseStack  port_1.o
    0x08001368   0x08001368   0x00000074   Code   RO            7    i.usartInit         main.o
    0x080013dc   0x080013dc   0x00000028   Code   RO         1099    i.uxListRemove      list_1.o
    0x08001404   0x08001404   0x0000001a   Code   RO         1100    i.vListInitialise   list_1.o
    0x0800141e   0x0800141e   0x00000006   Code   RO         1101    i.vListInitialiseItem  list_1.o
    0x08001424   0x08001424   0x00000034   Code   RO         1102    i.vListInsert       list_1.o
    0x08001458   0x08001458   0x00000018   Code   RO         1103    i.vListInsertEnd    list_1.o
    0x08001470   0x08001470   0x00000054   Code   RO         1204    i.vPortEnterCritical  port_1.o
    0x080014c4   0x080014c4   0x0000003c   Code   RO         1205    i.vPortExitCritical  port_1.o
    0x08001500   0x08001500   0x00000094   Code   RO         1141    i.vPortFree         heap_4.o
    0x08001594   0x08001594   0x00000028   Code   RO         1206    i.vPortSetupTimerInterrupt  port_1.o
    0x080015bc   0x080015bc   0x00000078   Code   RO         1207    i.vPortValidateInterruptPriority  port_1.o
    0x08001634   0x08001634   0x0000004a   Code   RO         1289    i.vQueueWaitForMessageRestricted  queue_1.o
    0x0800167e   0x0800167e   0x00000002   PAD
    0x08001680   0x08001680   0x00000018   Code   RO         1627    i.vTaskInternalSetTimeOutState  tasks_1.o
    0x08001698   0x08001698   0x0000000c   Code   RO         1628    i.vTaskMissedYield  tasks_1.o
    0x080016a4   0x080016a4   0x00000038   Code   RO         1630    i.vTaskPlaceOnEventList  tasks_1.o
    0x080016dc   0x080016dc   0x00000040   Code   RO         1631    i.vTaskPlaceOnEventListRestricted  tasks_1.o
    0x0800171c   0x0800171c   0x00000094   Code   RO         1638    i.vTaskStartScheduler  tasks_1.o
    0x080017b0   0x080017b0   0x00000010   Code   RO         1640    i.vTaskSuspendAll   tasks_1.o
    0x080017c0   0x080017c0   0x0000008c   Code   RO         1641    i.vTaskSwitchContext  tasks_1.o
    0x0800184c   0x0800184c   0x000000f8   Code   RO         1208    i.xPortStartScheduler  port_1.o
    0x08001944   0x08001944   0x00000058   Code   RO         1294    i.xQueueGenericCreate  queue_1.o
    0x0800199c   0x0800199c   0x00000098   Code   RO         1295    i.xQueueGenericReset  queue_1.o
    0x08001a34   0x08001a34   0x000001c8   Code   RO         1296    i.xQueueGenericSend  queue_1.o
    0x08001bfc   0x08001bfc   0x00000108   Code   RO         1297    i.xQueueGenericSendFromISR  queue_1.o
    0x08001d04   0x08001d04   0x00000168   Code   RO         1304    i.xQueueReceive     queue_1.o
    0x08001e6c   0x08001e6c   0x0000008c   Code   RO         1642    i.xTaskCheckForTimeOut  tasks_1.o
    0x08001ef8   0x08001ef8   0x00000060   Code   RO         1643    i.xTaskCreate       tasks_1.o
    0x08001f58   0x08001f58   0x00000020   Code   RO         1647    i.xTaskGetSchedulerState  tasks_1.o
    0x08001f78   0x08001f78   0x0000000c   Code   RO         1648    i.xTaskGetTickCount  tasks_1.o
    0x08001f84   0x08001f84   0x00000148   Code   RO         1650    i.xTaskIncrementTick  tasks_1.o
    0x080020cc   0x080020cc   0x000000c8   Code   RO         1653    i.xTaskPriorityDisinherit  tasks_1.o
    0x08002194   0x08002194   0x00000098   Code   RO         1655    i.xTaskRemoveFromEventList  tasks_1.o
    0x0800222c   0x0800222c   0x00000104   Code   RO         1656    i.xTaskResumeAll    tasks_1.o
    0x08002330   0x08002330   0x00000058   Code   RO         1936    i.xTimerCreateTimerTask  timers_1.o
    0x08002388   0x08002388   0x00000084   Code   RO         1937    i.xTimerGenericCommand  timers_1.o
    0x0800240c   0x0800240c   0x00000020   Data   RO         2210    Region$$Table       anon$$obj.o


    Execution Region ER_RW (Exec base: 0x20000000, Load base: 0x0800242c, Size: 0x00000088, Max: 0xffffffff, ABSOLUTE)

    Exec Addr    Load Addr    Size         Type   Attr      Idx    E Section Name        Object

    0x20000000   0x0800242c   0x00000014   Data   RW          919    .data               system_stm32f10x.o
    0x20000014   0x08002440   0x00000018   Data   RW         1146    .data               heap_4.o
    0x2000002c   0x08002458   0x0000000c   Data   RW         1209    .data               port_1.o
    0x20000038   0x08002464   0x0000003c   Data   RW         1659    .data               tasks_1.o
    0x20000074   0x080024a0   0x00000014   Data   RW         1943    .data               timers_1.o


    Execution Region ER_ZI (Exec base: 0x20000088, Load base: 0x080024b4, Size: 0x00001750, Max: 0xffffffff, ABSOLUTE)

    Exec Addr    Load Addr    Size         Type   Attr      Idx    E Section Name        Object

    0x20000088        -       0x00001000   Zero   RW         1145    .bss                heap_4.o
    0x20001088        -       0x000000c8   Zero   RW         1658    .bss                tasks_1.o
    0x20001150        -       0x00000028   Zero   RW         1942    .bss                timers_1.o
    0x20001178        -       0x00000060   Zero   RW         2084    .bss                c_w.l(libspace.o)
    0x200011d8        -       0x00000200   Zero   RW          906    HEAP                startup_stm32f10x_md.o
    0x200013d8        -       0x00000400   Zero   RW          905    STACK               startup_stm32f10x_md.o


==============================================================================

Image component sizes


      Code (inc. data)   RO Data    RW Data    ZI Data      Debug   Object Name

       210         30          0          0          0       7259   dma_stm32f10x.o
         0          0          0          0          0       9424   event_groups_1.o
         0          0          0          0          0       4664   freertos_evr.o
       692         62          0         24       4096      12547   heap_4.o
       148          0          0          0          0       3298   list_1.o
       308         34          0          0          0     223950   main.o
       854         78          0         12          0      10985   port_1.o
      1948         14          0          0          0      13431   queue_1.o
        64         26        236          0       1536        808   startup_stm32f10x_md.o
       294          0          0          0          0       3921   stm32f10x_gpio.o
        32          6          0          0          0        605   stm32f10x_rcc.o
       328         28          0         20          0       2349   system_stm32f10x.o
      2468        340          0         60        200      20273   tasks_1.o
      1114        108          0         20         40       9487   timers_1.o

    ----------------------------------------------------------------------
      8478        726        268        136       5872     323001   Object Totals
         0          0         32          0          0          0   (incl. Generated)
        18          0          0          0          0          0   (incl. Padding)

    ----------------------------------------------------------------------

      Code (inc. data)   RO Data    RW Data    ZI Data      Debug   Library Member Name

         8          0          0          0          0         68   __main.o
         0          0          0          0          0          0   __rtentry.o
        12          0          0          0          0          0   __rtentry2.o
         6          0          0          0          0          0   __rtentry4.o
        52          8          0          0          0          0   __scatter.o
        26          0          0          0          0          0   __scatter_copy.o
        28          0          0          0          0          0   __scatter_zi.o
        18          0          0          0          0         80   exit.o
         6          0          0          0          0        152   heapauxi.o
         0          0          0          0          0          0   indicate_semi.o
         2          0          0          0          0          0   libinit.o
         2          0          0          0          0          0   libinit2.o
         2          0          0          0          0          0   libshutdown.o
         2          0          0          0          0          0   libshutdown2.o
         8          4          0          0         96         68   libspace.o
       138          0          0          0          0         68   rt_memcpy_v6.o
       100          0          0          0          0         80   rt_memcpy_w.o
         2          0          0          0          0          0   rtexit.o
        10          0          0          0          0          0   rtexit2.o
        12          4          0          0          0         68   sys_exit.o
        74          0          0          0          0         80   sys_stackheap_outer.o
         2          0          0          0          0         68   use_no_semi.o

    ----------------------------------------------------------------------
       514         16          0          0         96        732   Library Totals
         4          0          0          0          0          0   (incl. Padding)

    ----------------------------------------------------------------------

      Code (inc. data)   RO Data    RW Data    ZI Data      Debug   Library Name

       510         16          0          0         96        732   c_w.l

    ----------------------------------------------------------------------
       514         16          0          0         96        732   Library Totals

    ----------------------------------------------------------------------

==============================================================================


      Code (inc. data)   RO Data    RW Data    ZI Data      Debug   

      8992        742        268        136       5968     318893   Grand Totals
      8992        742        268        136       5968     318893   ELF Image Totals
      8992        742        268        136          0          0   ROM Totals

==============================================================================

    Total RO  Size (Code + RO Data)                 9260 (   9.04kB)
    Total RW  Size (RW Data + ZI Data)              6104 (   5.96kB)
    Total ROM Size (Code + RO Data + RW Data)       9396 (   9.18kB)

==============================================================================

